17:08:27.319 R 1DEFFFCC 20 08 3B 9F F0 81 9C E1
17:08:27.728 R 1DEFFFCC 40 0E 3B 9F F0 06 01 FC
17:08:27.729 R 1DEFFFCC 60 0D 3B 9F F0 81 84 E6
17:08:27.828 R 1DEFFFCC 80 09 3B 9F F0 81 AE 02
17:08:28.160 R 1DEFFFCC A0 08 3B 9F F0 81 9C E1
17:08:28.816 R 1DEFFFCC C0 0E 3B 9F F0 06 01 FC
17:08:28.818 R 1DEFFFCC E0 0D 3B 9F F0 81 84 E6
17:08:28.917 R 1DEFFFCC 00 09 3B 9F F0 81 AE 02
17:08:29.260 R 1DEFFFCC 20 08 3B 9F F0 81 9C E1
17:08:29.666 R 1DEFFFCC 40 0E 3B 9F F0 06 01 FC
17:08:29.668 R 1DEFFFCC 60 0D 3B 9F F0 81 84 E6
17:08:29.767 R 1DEFFFCC 80 09 3B 9F F0 81 AE 02
17:08:30.247 R 1DEFFFCC A0 08 3B 9F F0 81 9C E1
17:08:30.652 R 1DEFFFCC C0 0E 3B 9F F0 06 01 FC
17:08:30.654 R 1DEFFFCC E0 0D 3B 9F F0 81 84 E6
17:08:30.753 R 1DEFFFCC 00 09 3B 9F F0 81 AE 02
17:08:31.044 R 1DEFFFCC 20 08 3B 9F F0 81 9C E1
17:08:31.796 R 1DEFFFCC 40 0E 3B 9F F0 06 01 FC
17:08:31.797 R 1DEFFFCC 60 0D 3B 9F F0 81 84 E6
17:08:31.896 R 1DEFFFCC 80 09 3B 9F F0 81 AE 02
17:08:32.289 R 1DEFFFCC A0 08 3B 9F F0 81 9C E1
17:08:32.695 R 1DEFFFCC C0 0E 3B 9F F0 06 01 FC
17:08:32.696 R 1DEFFFCC E0 0D 3B 9F F0 81 84 E6
17:08:32.796 R 1DEFFFCC 00 09 3B 9F F0 81 AE 02
17:08:33.284 R 1DEFFFCC 20 08 3B 9F F0 81 9C E1
17:08:33.690 R 1DEFFFCC 40 0E 3B 9F F0 06 01 FC
17:08:33.692 R 1DEFFFCC 60 0D 3B 9F F0 81 84 E6
17:08:33.791 R 1DEFFFCC 80 09 3B 9F F0 81 AE 02
17:08:34.280 R 1DEFFFCC A0 08 3B 9F F0 81 9C E1
17:08:34.686 R 1DEFFFCC C0 0E 3B 9F F0 06 01 FC
17:08:34.688 R 1DEFFFCC E0 0D 3B 9F F0 81 84 E6
17:08:34.787 R 1DEFFFCC 00 09 3B 9F F0 81 AE 02
17:08:38.188 R 1DEFFFCC 20 08 3B 9F F0 81 9C E1
17:08:35.629 R 1DEFFFCC 40 0E 3B 9F F0 06 01 FC
17:08:35.631 R 1DEFFFCC 60 0D 3B 9F F0 81 84 E6
17:08:35.730 R 1DEFFFCC 80 09 3B 9F F0 81 AE 02
17:08:35.830 R 1DEFFFCC A0 07 3B 9F F0 81 90 10
17:08:38.932 R 1DEFFFCC C0 08 3B 9F F0 81 9C E1
17:08:36.769 R 1DEFFFCC E0 0E 3B 9F F0 06 01 FC
17:08:36.770 R 1DEFFFCC 00 0D 3B 9F F0 81 84 E6
17:08:36.870 R 1DEFFFCC 20 09 3B 9F F0 81 AE 02
17:08:37.264 R 1DEFFFCC 40 08 3B 9F F0 81 9C E1
17:08:37.670 R 1DEFFFCC 60 0E 3B 9F F0 06 01 FC
17:08:37.672 R 1DEFFFCC 80 0D 3B 9F F0 81 84 E6
17:08:37.771 R 1DEFFFCC A0 09 3B 9F F0 81 AE 02
17:08:41.139 R 1DEFFFCC C0 08 3B 9F F0 81 9C E1
17:08:38.665 R 1DEFFFCC E0 0E 3B 9F F0 06 01 FC
17:08:38.667 R 1DEFFFCC 00 0D 3B 9F F0 81 84 E6
17:08:38.766 R 1DEFFFCC 20 09 3B 9F F0 81 AE 02
17:08:42.143 R 1DEFFFCC 40 08 3B 9F F0 81 9C E1
17:08:39.662 R 1DEFFFCC 60 0D 3B 9F F0 81 84 E6
17:08:39.667 R 1DEFFFCC 80 0E 3B 9F F0 06 01 FC
17:08:39.765 R 1DEFFFCC A0 09 3B 9F F0 81 AE 02
17:08:42.908 R 1DEFFFCC C0 08 3B 9F F0 81 9C E1
17:08:40.652 R 1DEFFFCC E0 0E 3B 9F F0 06 01 FC
17:08:40.655 R 1DEFFFCC 00 0D 3B 9F F0 81 84 E6
17:08:40.753 R 1DEFFFCC 20 09 3B 9F F0 81 AE 02
17:08:44.124 R 1DEFFFCC 40 08 3B 9F F0 81 9C E1
17:08:41.792 R 1DEFFFCC 60 0E 3B 9F F0 06 01 FC
17:08:41.793 R 1DEFFFCC 80 0D 3B 9F F0 81 84 E6
17:08:41.893 R 1DEFFFCC A0 09 3B 9F F0 81 AE 02
17:08:45.204 R 1DEFFFCC C0 08 3B 9F F0 81 9C E1
17:08:42.635 R 1DEFFFCC E0 0E 3B 9F F0 06 01 FC
17:08:42.637 R 1DEFFFCC 00 0D 3B 9F F0 81 84 E6
17:08:42.737 R 1DEFFFCC 20 09 3B 9F F0 81 AE 02
17:08:45.888 R 1DEFFFCC 40 08 3B 9F F0 81 9C E1
17:08:43.626 R 1DEFFFCC 60 0E 3B 9F F0 06 01 FC
17:08:43.628 R 1DEFFFCC 80 0D 3B 9F F0 81 84 E6
17:08:43.730 R 1DEFFFCC A0 09 3B 9F F0 81 AE 02
17:08:47.112 R 1DEFFFCC C0 08 3B 9F F0 81 9C E1
17:08:44.816 R 1DEFFFCC E0 0E 3B 9F F0 06 01 FC
17:08:44.818 R 1DEFFFCC 00 0D 3B 9F F0 81 84 E6
17:08:44.920 R 1DEFFFCC 20 09 3B 9F F0 81 AE 02
17:08:48.154 R 1DEFFFCC 40 08 3B 9F F0 81 9C E1
17:08:45.617 R 1DEFFFCC 60 0E 3B 9F F0 06 01 FC
17:08:45.619 R 1DEFFFCC 80 0D 3B 9F F0 81 84 E6
17:08:45.720 R 1DEFFFCC A0 09 3B 9F F0 81 AE 02
17:08:45.817 R 1DEFFFCC C0 07 3B 9F F0 81 90 10
17:08:49.143 R 1DEFFFCC E0 08 3B 9F F0 81 9C E1
17:08:46.506 R 1DEFFFCC 00 0D 3B 9F F0 81 A4 56
17:08:46.708 R 1DEFFFCC 20 0E 3B 9F F0 06 01 FC
17:08:46.710 R 1DEFFFCC 40 0D 3B 9F F0 81 84 E6
17:08:46.810 R 1DEFFFCC 60 09 3B 9F F0 81 AE 02
17:08:50.098 R 1DEFFFCC 80 08 3B 9F F0 81 9C E1
17:08:47.751 R 1DEFFFCC A0 0E 3B 9F F0 06 01 FC
17:08:47.753 R 1DEFFFCC C0 0D 3B 9F F0 81 84 E6
17:08:47.852 R 1DEFFFCC E0 09 3B 9F F0 81 AE 02
17:08:51.095 R 1DEFFFCC 00 08 3B 9F F0 81 9C E1
17:08:48.696 R 1DEFFFCC 20 0E 3B 9F F0 06 01 FC
17:08:48.698 R 1DEFFFCC 40 0D 3B 9F F0 81 84 E6
17:08:48.797 R 1DEFFFCC 60 09 3B 9F F0 81 AE 02
17:08:52.129 R 1DEFFFCC 80 08 3B 9F F0 81 9C E1
17:08:49.599 R 1DEFFFCC A0 0E 3B 9F F0 06 01 FC
17:08:49.601 R 1DEFFFCC C0 0D 3B 9F F0 81 84 E6
17:08:49.700 R 1DEFFFCC E0 09 3B 9F F0 81 AE 02
17:08:53.159 R 1DEFFFCC 00 08 3B 9F F0 81 9C E1
17:08:50.593 R 1DEFFFCC 20 0E 3B 9F F0 06 01 FC
17:08:50.594 R 1DEFFFCC 40 0D 3B 9F F0 81 84 E6
17:08:50.694 R 1DEFFFCC 60 09 3B 9F F0 81 AE 02
17:08:54.083 R 1DEFFFCC 80 08 3B 9F F0 81 9C E1
17:08:51.830 R 1DEFFFCC A0 0E 3B 9F F0 06 01 FC
17:08:51.832 R 1DEFFFCC C0 0D 3B 9F F0 81 84 E6
17:08:51.931 R 1DEFFFCC E0 09 3B 9F F0 81 AE 02
17:08:55.155 R 1DEFFFCC 00 08 3B 9F F0 81 9C E1
17:08:52.826 R 1DEFFFCC 20 0E 3B 9F F0 06 01 FC
17:08:52.828 R 1DEFFFCC 40 0D 3B 9F F0 81 84 E6
17:08:52.927 R 1DEFFFCC 60 09 3B 9F F0 81 AE 02
17:08:56.086 R 1DEFFFCC 80 08 3B 9F F0 81 9C E1
17:08:53.815 R 1DEFFFCC A0 0E 3B 9F F0 06 01 FC
17:08:53.817 R 1DEFFFCC C0 0D 3B 9F F0 81 84 E6
17:08:53.918 R 1DEFFFCC E0 09 3B 9F F0 81 AE 02
17:08:57.063 R 1DEFFFCC 00 08 3B 9F F0 81 9C E1
17:08:54.653 R 1DEFFFCC 20 0E 3B 9F F0 06 01 FC
17:08:54.655 R 1DEFFFCC 40 0D 3B 9F F0 81 84 E6
17:08:54.756 R 1DEFFFCC 60 09 3B 9F F0 81 AE 02
17:08:58.110 R 1DEFFFCC 80 08 3B 9F F0 81 9C E1
17:08:55.645 R 1DEFFFCC A0 0E 3B 9F F0 06 01 FC
17:08:55.647 R 1DEFFFCC C0 0D 3B 9F F0 81 84 E6
17:08:55.746 R 1DEFFFCC E0 09 3B 9F F0 81 AE 02
17:08:55.845 R 1DEFFFCC 00 07 3B 9F F0 81 90 10
17:08:59.136 R 1DEFFFCC 20 08 3B 9F F0 81 9C E1
17:08:56.738 R 1DEFFFCC 60 0E 3B 9F F0 06 01 FC
17:08:56.740 R 1DEFFFCC 80 0D 3B 9F F0 81 84 E6
17:08:56.839 R 1DEFFFCC A0 09 3B 9F F0 81 AE 02
17:09:00.074 R 1DEFFFCC C0 08 3B 9F F0 81 9C E1
17:08:57.726 R 1DEFFFCC E0 0E 3B 9F F0 06 01 FC
17:08:57.728 R 1DEFFFCC 00 0D 3B 9F F0 81 84 E6
17:08:57.827 R 1DEFFFCC 20 09 3B 9F F0 81 AE 02
17:09:01.043 R 1DEFFFCC 60 08 3B 9F F0 81 9C E1
17:08:58.774 R 1DEFFFCC 80 0D 3B 9F F0 81 84 E6
17:08:58.774 R 1DEFFFCC A0 0E 3B 9F F0 06 01 FC
17:08:58.874 R 1DEFFFCC C0 09 3B 9F F0 81 AE 02
17:09:02.083 R 1DEFFFCC E0 08 3B 9F F0 81 9C E1
17:08:59.806 R 1DEFFFCC 00 0E 3B 9F F0 06 01 FC
17:08:59.808 R 1DEFFFCC 20 0D 3B 9F F0 81 84 E6
17:08:59.907 R 1DEFFFCC 60 09 3B 9F F0 81 AE 02
17:09:03.117 R 1DEFFFCC 80 08 3B 9F F0 81 9C E1
17:09:00.752 R 1DEFFFCC A0 0E 3B 9F F0 06 01 FC
17:09:00.754 R 1DEFFFCC C0 0D 3B 9F F0 81 84 E6
17:09:00.853 R 1DEFFFCC E0 09 3B 9F F0 81 AE 02
17:09:04.031 R 1DEFFFCC 00 08 3B 9F F0 81 9C E1
17:09:01.742 R 1DEFFFCC 40 0E 3B 9F F0 06 01 FC
17:09:01.744 R 1DEFFFCC 60 0D 3B 9F F0 81 84 E6
17:09:01.843 R 1DEFFFCC 80 09 3B 9F F0 81 AE 02
17:09:05.067 R 1DEFFFCC A0 08 3B 9F F0 81 9C E1
17:09:02.632 R 1DEFFFCC C0 0E 3B 9F F0 06 01 FC
17:09:02.634 R 1DEFFFCC E0 0D 3B 9F F0 81 84 E6
17:09:02.733 R 1DEFFFCC 00 09 3B 9F F0 81 AE 02
17:09:06.068 R 1DEFFFCC 40 08 3B 9F F0 81 9C E1
17:09:03.846 R 1DEFFFCC 60 0E 3B 9F F0 06 01 FC
17:09:03.850 R 1DEFFFCC 80 0D 3B 9F F0 81 84 E6
17:09:03.883 R 1DEFFFCC A0 09 3B 9F F0 81 AE 02
17:09:07.092 R 1DEFFFCC C0 08 3B 9F F0 81 9C E1
17:09:04.625 R 1DEFFFCC 00 0E 3B 9F F0 06 01 FC
17:09:04.627 R 1DEFFFCC 20 0D 3B 9F F0 81 84 E6
17:09:04.726 R 1DEFFFCC 40 09 3B 9F F0 81 AE 02
17:09:08.267 R 1DEFFFCC 60 08 3B 9F F0 81 9C E1
17:09:06.756 R 1DEFFFCC 40 0E 3B 9F F0 06 01 FC
17:09:06.758 R 1DEFFFCC 60 0D 3B 9F F0 81 84 E6
17:09:06.857 R 1DEFFFCC 80 09 3B 9F F0 81 AE 02
17:09:10.055 R 1DEFFFCC A0 08 3B 9F F0 81 9C E1
17:09:07.606 R 1DEFFFCC C0 0D 3B 9F F0 81 84 E6
17:09:07.608 R 1DEFFFCC E0 0E 3B 9F F0 06 01 FC
17:09:07.707 R 1DEFFFCC 00 09 3B 9F F0 81 AE 02
17:09:11.039 R 1DEFFFCC 40 08 3B 9F F0 81 9C E1
17:09:08.602 R 1DEFFFCC 60 0E 3B 9F F0 06 01 FC
17:09:08.604 R 1DEFFFCC 80 0D 3B 9F F0 81 84 E6
17:09:08.703 R 1DEFFFCC A0 09 3B 9F F0 81 AE 02
17:09:09.099 R 1DEFFFCC C0 08 3B 9F F0 81 9C E1
17:09:09.592 R 1DEFFFCC 00 0E 3B 9F F0 06 01 FC
17:09:09.594 R 1DEFFFCC 20 0D 3B 9F F0 81 84 E6
17:09:09.694 R 1DEFFFCC 40 09 3B 9F F0 81 AE 02
17:09:10.094 R 1DEFFFCC 60 08 3B 9F F0 81 9C E1
17:09:10.635 R 1DEFFFCC 80 0E 3B 9F F0 06 01 FC
17:09:10.637 R 1DEFFFCC A0 0D 3B 9F F0 81 84 E6
17:09:10.736 R 1DEFFFCC C0 09 3B 9F F0 81 AE 02
17:09:11.137 R 1DEFFFCC 00 08 3B 9F F0 81 9C E1
17:09:11.780 R 1DEFFFCC 20 0E 3B 9F F0 06 01 FC
17:09:11.782 R 1DEFFFCC 40 0D 3B 9F F0 81 84 E6
17:09:11.881 R 1DEFFFCC 60 09 3B 9F F0 81 AE 02
17:09:12.772 R 1DEFFFCC C0 0E 3B 9F F0 06 01 FC
17:09:12.773 R 1DEFFFCC E0 0D 3B 9F F0 81 84 E6
17:09:12.873 R 1DEFFFCC 00 09 3B 9F F0 81 AE 02
17:09:13.273 R 1DEFFFCC 20 08 3B 9F F0 81 9C E1
17:09:13.766 R 1DEFFFCC 40 0E 3B 9F F0 06 01 FC
17:09:13.768 R 1DEFFFCC 60 0D 3B 9F F0 81 84 E6
17:09:13.867 R 1DEFFFCC 80 09 3B 9F F0 81 AE 02
17:09:14.267 R 1DEFFFCC A0 08 3B 9F F0 81 9C E1
17:09:14.760 R 1DEFFFCC E0 0E 3B 9F F0 06 01 FC
17:09:14.762 R 1DEFFFCC 00 0D 3B 9F F0 81 84 E6
17:09:14.861 R 1DEFFFCC 20 09 3B 9F F0 81 AE 02
17:09:15.262 R 1DEFFFCC 40 08 3B 9F F0 81 9C E1
17:09:15.662 R 1DEFFFCC 60 0E 3B 9F F0 06 01 FC
17:09:15.664 R 1DEFFFCC 80 0D 3B 9F F0 81 84 E6
17:09:15.762 R 1DEFFFCC A0 09 3B 9F F0 81 AE 02
17:09:15.862 R 1DEFFFCC E0 07 3B 9F F0 81 90 10
17:09:16.163 R 1DEFFFCC 00 08 3B 9F F0 81 9C E1
17:09:19.524 R 1DEFFFCC 20 0D 3B 9F F0 81 A4 56
17:09:16.658 R 1DEFFFCC 40 0E 3B 9F F0 06 01 FC
17:09:16.659 R 1DEFFFCC 60 0D 3B 9F F0 81 84 E6
17:09:16.759 R 1DEFFFCC 80 09 3B 9F F0 81 AE 02
17:09:17.159 R 1DEFFFCC A0 08 3B 9F F0 81 9C E1
17:09:17.648 R 1DEFFFCC E0 0E 3B 9F F0 06 01 FC
17:09:17.649 R 1DEFFFCC 00 0D 3B 9F F0 81 84 E6
17:09:17.749 R 1DEFFFCC 20 09 3B 9F F0 81 AE 02
17:09:18.149 R 1DEFFFCC 40 08 3B 9F F0 81 9C E1
17:09:18.735 R 1DEFFFCC 60 0E 3B 9F F0 06 01 FC
17:09:18.737 R 1DEFFFCC 80 0D 3B 9F F0 81 84 E6
17:09:18.836 R 1DEFFFCC A0 09 3B 9F F0 81 AE 02
17:09:19.236 R 1DEFFFCC E0 08 3B 9F F0 81 9C E1
17:09:19.727 R 1DEFFFCC 00 0E 3B 9F F0 06 01 FC
17:09:19.729 R 1DEFFFCC 20 0D 3B 9F F0 81 84 E6
17:09:20.624 R 1DEFFFCC A0 0E 3B 9F F0 06 01 FC
17:09:20.626 R 1DEFFFCC C0 0D 3B 9F F0 81 84 E6
17:09:20.725 R 1DEFFFCC E0 09 3B 9F F0 81 AE 02
17:09:21.126 R 1DEFFFCC 00 08 3B 9F F0 81 9C E1
17:09:21.620 R 1DEFFFCC 20 0E 3B 9F F0 06 01 FC
17:09:21.621 R 1DEFFFCC 40 0D 3B 9F F0 81 84 E6
17:09:21.720 R 1DEFFFCC 60 09 3B 9F F0 81 AE 02
17:09:22.121 R 1DEFFFCC 80 08 3B 9F F0 81 9C E1
17:09:22.617 R 1DEFFFCC C0 0E 3B 9F F0 06 01 FC
17:09:22.619 R 1DEFFFCC E0 0D 3B 9F F0 81 84 E6
17:09:22.718 R 1DEFFFCC 00 09 3B 9F F0 81 AE 02
17:09:23.122 R 1DEFFFCC 20 08 3B 9F F0 81 9C E1
17:09:23.648 R 1DEFFFCC 40 0E 3B 9F F0 06 01 FC
17:09:23.649 R 1DEFFFCC 60 0D 3B 9F F0 81 84 E6
17:09:23.750 R 1DEFFFCC 80 09 3B 9F F0 81 AE 02
17:09:24.157 R 1DEFFFCC C0 08 3B 9F F0 81 9C E1
17:09:24.596 R 1DEFFFCC E0 0E 3B 9F F0 06 01 FC
17:09:24.598 R 1DEFFFCC 00 0D 3B 9F F0 81 84 E6
17:09:24.697 R 1DEFFFCC 20 09 3B 9F F0 81 AE 02
17:09:25.098 R 1DEFFFCC 40 08 3B 9F F0 81 9C E1
17:09:25.683 R 1DEFFFCC 80 0E 3B 9F F0 06 01 FC
17:09:25.685 R 1DEFFFCC A0 0D 3B 9F F0 81 84 E6
17:09:25.784 R 1DEFFFCC C0 09 3B 9F F0 81 AE 02
17:09:25.884 R 1DEFFFCC E0 07 3B 9F F0 81 90 10
17:09:26.184 R 1DEFFFCC 00 08 3B 9F F0 81 9C E1
17:09:26.778 R 1DEFFFCC 20 0E 3B 9F F0 06 01 FC
17:09:26.779 R 1DEFFFCC 40 0D 3B 9F F0 81 84 E6
17:09:26.878 R 1DEFFFCC 60 09 3B 9F F0 81 AE 02
17:09:27.279 R 1DEFFFCC A0 08 3B 9F F0 81 9C E1
17:09:27.816 R 1DEFFFCC C0 0E 3B 9F F0 06 01 FC
17:09:27.818 R 1DEFFFCC E0 0D 3B 9F F0 81 84 E6
17:09:27.917 R 1DEFFFCC 00 09 3B 9F F0 81 AE 02
17:09:28.322 R 1DEFFFCC 20 08 3B 9F F0 81 9C E1
17:09:28.800 R 1DEFFFCC 60 0E 3B 9F F0 06 01 FC
17:09:28.800 R 1DEFFFCC 80 0D 3B 9F F0 81 84 E6
17:09:28.898 R 1DEFFFCC A0 09 3B 9F F0 81 AE 02
17:09:29.300 R 1DEFFFCC C0 08 3B 9F F0 81 9C E1
17:09:29.811 R 1DEFFFCC E0 0E 3B 9F F0 06 01 FC
17:09:29.815 R 1DEFFFCC 00 0D 3B 9F F0 81 84 E6
17:09:29.912 R 1DEFFFCC 20 09 3B 9F F0 81 AE 02
17:09:30.311 R 1DEFFFCC 40 08 3B 9F F0 81 9C E1
17:09:30.557 R 1DEFFFCC 80 0E 3B 9F F0 06 01 FC
17:09:30.558 R 1DEFFFCC A0 0D 3B 9F F0 81 84 E6
17:09:30.658 R 1DEFFFCC C0 09 3B 9F F0 81 AE 02
17:09:31.058 R 1DEFFFCC E0 08 3B 9F F0 81 9C E1
17:09:31.749 R 1DEFFFCC 00 0E 3B 9F F0 06 01 FC
17:09:31.751 R 1DEFFFCC 20 0D 3B 9F F0 81 84 E6
17:09:31.850 R 1DEFFFCC 40 09 3B 9F F0 81 AE 02
17:09:32.250 R 1DEFFFCC 80 08 3B 9F F0 81 9C E1
17:09:32.585 R 1DEFFFCC A0 0E 3B 9F F0 06 01 FC
17:09:32.587 R 1DEFFFCC C0 0D 3B 9F F0 81 84 E6
17:09:32.686 R 1DEFFFCC E0 09 3B 9F F0 81 AE 02
17:09:33.087 R 1DEFFFCC 00 08 3B 9F F0 81 9C E1
17:09:33.584 R 1DEFFFCC 40 0E 3B 9F F0 06 01 FC
17:09:33.586 R 1DEFFFCC 60 0D 3B 9F F0 81 84 E6
17:09:33.685 R 1DEFFFCC 80 09 3B 9F F0 81 AE 02
17:09:34.086 R 1DEFFFCC A0 08 3B 9F F0 81 9C E1
17:09:34.758 R 1DEFFFCC C0 0E 3B 9F F0 06 01 FC
17:09:34.759 R 1DEFFFCC E0 0D 3B 9F F0 81 84 E6
17:09:34.859 R 1DEFFFCC 00 09 3B 9F F0 81 AE 02
17:09:35.259 R 1DEFFFCC 40 08 3B 9F F0 81 9C E1
17:09:35.767 R 1DEFFFCC 60 0E 3B 9F F0 06 01 FC
17:09:35.768 R 1DEFFFCC 80 0D 3B 9F F0 81 84 E6
17:09:35.868 R 1DEFFFCC A0 09 3B 9F F0 81 AE 02
17:09:35.967 R 1DEFFFCC C0 07 3B 9F F0 81 90 10
17:09:36.268 R 1DEFFFCC E0 08 3B 9F F0 81 9C E1
17:09:36.609 R 1DEFFFCC 20 0E 3B 9F F0 06 01 FC
17:09:36.611 R 1DEFFFCC 40 0D 3B 9F F0 81 84 E6
17:09:36.710 R 1DEFFFCC 60 09 3B 9F F0 81 AE 02
17:09:37.111 R 1DEFFFCC 80 08 3B 9F F0 81 9C E1
17:09:37.553 R 1DEFFFCC A0 0E 3B 9F F0 06 01 FC
17:09:37.554 R 1DEFFFCC C0 0D 3B 9F F0 81 84 E6
17:09:37.653 R 1DEFFFCC E0 09 3B 9F F0 81 AE 02
17:09:38.054 R 1DEFFFCC 00 08 3B 9F F0 81 9C E1
17:09:38.732 R 1DEFFFCC 40 0D 3B 9F F0 81 84 E6
17:09:38.733 R 1DEFFFCC 60 0E 3B 9F F0 06 01 FC
17:09:38.830 R 1DEFFFCC 80 09 3B 9F F0 81 AE 02
17:09:39.230 R 1DEFFFCC A0 08 3B 9F F0 81 9C E1
17:09:42.611 R 1DEFFFCC C0 0E 3B 9F F0 06 01 FC
17:09:42.613 R 1DEFFFCC E0 0D 3B 9F F0 81 84 E6
17:09:39.747 R 1DEFFFCC 00 09 3B 9F F0 81 AE 02
17:09:40.141 R 1DEFFFCC 40 08 3B 9F F0 81 9C E1
17:09:43.606 R 1DEFFFCC 60 0E 3B 9F F0 06 01 FC
17:09:43.608 R 1DEFFFCC 80 0D 3B 9F F0 81 84 E6
17:09:40.738 R 1DEFFFCC A0 09 3B 9F F0 81 AE 02
17:09:41.138 R 1DEFFFCC C0 08 3B 9F F0 81 9C E1
17:09:44.601 R 1DEFFFCC 00 0E 3B 9F F0 06 01 FC
17:09:44.603 R 1DEFFFCC 20 0D 3B 9F F0 81 84 E6
17:09:41.880 R 1DEFFFCC 40 09 3B 9F F0 81 AE 02
17:09:42.281 R 1DEFFFCC 60 08 3B 9F F0 81 9C E1
17:09:45.595 R 1DEFFFCC 80 0E 3B 9F F0 06 01 FC
17:09:45.597 R 1DEFFFCC A0 0D 3B 9F F0 81 84 E6
17:09:42.872 R 1DEFFFCC C0 09 3B 9F F0 81 AE 02
17:09:43.273 R 1DEFFFCC 00 08 3B 9F F0 81 9C E1
17:09:46.590 R 1DEFFFCC 20 0E 3B 9F F0 06 01 FC
17:09:46.591 R 1DEFFFCC 40 0D 3B 9F F0 81 84 E6
17:09:43.866 R 1DEFFFCC 60 09 3B 9F F0 81 AE 02
17:09:44.267 R 1DEFFFCC 80 08 3B 9F F0 81 9C E1
17:09:47.584 R 1DEFFFCC C0 0E 3B 9F F0 06 01 FC
17:09:47.586 R 1DEFFFCC E0 0D 3B 9F F0 81 84 E6
17:09:44.710 R 1DEFFFCC 00 09 3B 9F F0 81 AE 02
17:09:45.110 R 1DEFFFCC 20 08 3B 9F F0 81 9C E1
17:09:48.582 R 1DEFFFCC 40 0D 3B 9F F0 81 84 E6
17:09:48.583 R 1DEFFFCC 60 0E 3B 9F F0 06 01 FC
17:09:45.692 R 1DEFFFCC 80 09 3B 9F F0 81 AE 02
17:09:45.791 R 1DEFFFCC A0 07 3B 9F F0 81 90 10
17:09:46.092 R 1DEFFFCC C0 08 3B 9F F0 81 9C E1
17:09:49.200 R 1DEFFFCC 00 0D 3B 9F F0 81 A4 56
17:09:49.402 R 1DEFFFCC 20 0E 3B 9F F0 06 01 FC
17:09:49.403 R 1DEFFFCC 40 0D 3B 9F F0 81 84 E6
17:09:46.692 R 1DEFFFCC 60 09 3B 9F F0 81 AE 02
17:09:47.093 R 1DEFFFCC 80 08 3B 9F F0 81 9C E1
17:09:50.571 R 1DEFFFCC A0 0E 3B 9F F0 06 01 FC
17:09:50.573 R 1DEFFFCC C0 0D 3B 9F F0 81 84 E6
17:09:47.685 R 1DEFFFCC E0 09 3B 9F F0 81 AE 02
17:09:48.088 R 1DEFFFCC 20 08 3B 9F F0 81 9C E1
17:09:51.569 R 1DEFFFCC 40 0E 3B 9F F0 06 01 FC
17:09:51.570 R 1DEFFFCC 60 0D 3B 9F F0 81 84 E6
17:09:48.680 R 1DEFFFCC 80 09 3B 9F F0 81 AE 02
17:09:49.080 R 1DEFFFCC A0 08 3B 9F F0 81 9C E1
17:09:52.564 R 1DEFFFCC E0 0E 3B 9F F0 06 01 FC
17:09:52.565 R 1DEFFFCC 00 0D 3B 9F F0 81 84 E6
17:09:49.674 R 1DEFFFCC 20 09 3B 9F F0 81 AE 02
17:09:50.074 R 1DEFFFCC 40 08 3B 9F F0 81 9C E1
17:09:53.559 R 1DEFFFCC 60 0E 3B 9F F0 06 01 FC
17:09:53.561 R 1DEFFFCC 80 0D 3B 9F F0 81 84 E6
17:09:50.751 R 1DEFFFCC A0 09 3B 9F F0 81 AE 02
17:09:51.151 R 1DEFFFCC E0 08 3B 9F F0 81 9C E1
17:09:54.553 R 1DEFFFCC 00 0E 3B 9F F0 06 01 FC
17:09:54.555 R 1DEFFFCC 20 0D 3B 9F F0 81 84 A6
17:09:51.718 R 1DEFFFCC 40 09 3B 9F F0 81 AE 02
17:09:52.116 R 1DEFFFCC 60 08 3B 9F F0 81 9C E1
17:09:55.548 R 1DEFFFCC A0 0D 3B 9F F0 81 84 E6
17:09:55.551 R 1DEFFFCC C0 0E 3B 9F F0 06 01 FC
17:09:52.653 R 1DEFFFCC E0 09 3B 9F F0 81 AE 02
17:09:53.055 R 1DEFFFCC 00 08 3B 9F F0 81 9C E1
17:09:56.547 R 1DEFFFCC 20 0D 3B 9F F0 81 84 E6
17:09:56.548 R 1DEFFFCC 40 0E 3B 9F F0 06 01 FC
17:09:53.902 R 1DEFFFCC 60 09 3B 9F F0 81 AE 02
17:09:54.303 R 1DEFFFCC 80 08 3B 9F F0 81 9C E1
17:09:57.542 R 1DEFFFCC C0 0E 3B 9F F0 06 01 FC
17:09:57.546 R 1DEFFFCC E0 0D 3B 9F F0 81 84 E6
17:09:54.725 R 1DEFFFCC 00 09 3B 9F F0 81 AE 02
17:09:55.123 R 1DEFFFCC 20 08 3B 9F F0 81 9C E1
17:09:58.533 R 1DEFFFCC 40 0E 3B 9F F0 06 01 FC
17:09:58.535 R 1DEFFFCC 60 0D 3B 9F F0 81 84 E6
17:09:58.634 R 1DEFFFCC 80 09 3B 9F F0 81 AE 02
17:09:55.836 R 1DEFFFCC C0 07 3B 9F F0 81 90 10
17:09:56.138 R 1DEFFFCC E0 08 3B 9F F0 81 9C E1
17:09:59.374 R 1DEFFFCC 00 0D 3B 9F F0 81 84 E6
17:09:59.376 R 1DEFFFCC 20 0D 3B 9F F0 81 84 E6
17:09:59.527 R 1DEFFFCC 60 0E 3B 9F F0 06 01 FC
17:09:59.530 R 1DEFFFCC 80 0D 3B 9F F0 81 84 E6
17:09:59.629 R 1DEFFFCC A0 09 3B 9F F0 81 AE 02
17:09:57.280 R 1DEFFFCC C0 08 3B 9F F0 81 9C A1
17:10:00.785 R 1DEFFFCC E0 0E 3B 9F F0 06 01 FC
17:10:00.787 R 1DEFFFCC 00 0D 3B 9F F0 81 84 A6
17:10:00.886 R 1DEFFFCC 20 09 3B 9F F0 81 AE 02
17:09:58.271 R 1DEFFFCC 60 08 3B 9F F0 81 9C A1
17:10:01.518 R 1DEFFFCC 80 0E 3B 9F F0 06 01 FC
17:10:01.520 R 1DEFFFCC A0 0D 3B 9F F0 81 84 A6
17:10:01.619 R 1DEFFFCC C0 09 3B 9F F0 81 AE 02
17:09:59.215 R 1DEFFFCC E0 08 3B 9F F0 81 9C E1
17:10:02.515 R 1DEFFFCC 00 0E 3B 9F F0 06 01 FC
17:10:02.517 R 1DEFFFCC 20 0D 3B 9F F0 81 84 E6
17:10:02.617 R 1DEFFFCC 60 09 3B 9F F0 81 AE 02
17:10:00.158 R 1DEFFFCC 80 08 3B 9F F0 81 9C E1
17:10:03.510 R 1DEFFFCC A0 0E 3B 9F F0 06 01 FC
17:10:03.512 R 1DEFFFCC C0 0D 3B 9F F0 81 84 A6
17:10:03.608 R 1DEFFFCC E0 0D 3B 9F F0 81 84 A6
17:10:03.614 R 1DEFFFCC 00 09 3B 9F F0 81 AE 02
17:10:01.205 R 1DEFFFCC 20 08 3B 9F F0 81 9C A1
17:10:04.501 R 1DEFFFCC 60 0E 3B 9F F0 06 01 FC
17:10:04.504 R 1DEFFFCC 80 0D 3B 9F F0 81 84 A6
17:10:04.603 R 1DEFFFCC A0 09 3B 9F F0 81 AE 02
17:10:02.103 R 1DEFFFCC C0 08 3B 9F F0 81 9C A1
17:10:02.343 R 1DEFFFCC E0 0D 3B 9F F0 81 84 A6
17:10:05.507 R 1DEFFFCC 00 0E 3B 9F F0 06 01 FC
17:10:05.509 R 1DEFFFCC 20 0D 3B 9F F0 81 84 A6
17:10:05.608 R 1DEFFFCC 40 09 3B 9F F0 81 AE 02
17:10:03.193 R 1DEFFFCC 80 08 3B 9F F0 81 9C A1
17:10:06.494 R 1DEFFFCC A0 0E 3B 9F F0 06 01 FC
17:10:06.496 R 1DEFFFCC C0 0D 3B 9F F0 81 84 A6
17:10:06.595 R 1DEFFFCC E0 09 3B 9F F0 81 AE 02
17:10:04.134 R 1DEFFFCC 00 08 3B 9F F0 81 9C A1
17:10:07.744 R 1DEFFFCC 40 0E 3B 9F F0 06 01 FC
17:10:07.746 R 1DEFFFCC 60 0D 3B 9F F0 81 84 A6
17:10:07.846 R 1DEFFFCC 80 09 3B 9F F0 81 AE 02
17:10:07.881 R 1DEFFFCC A0 0D 3B 9F F0 81 84 A6
17:10:05.074 R 1DEFFFCC C0 08 3B 9F F0 81 9C A1
17:10:08.491 R 1DEFFFCC E0 0E 3B 9F F0 06 01 FC
17:10:08.493 R 1DEFFFCC 00 0D 3B 9F F0 81 84 A6
17:10:08.591 R 1DEFFFCC 20 09 3B 9F F0 81 AE 02
17:10:06.024 R 1DEFFFCC 40 07 3B 9F F0 81 90 10
17:10:06.325 R 1DEFFFCC 80 08 3B 9F F0 81 9C A1
17:10:09.311 R 1DEFFFCC A0 0D 3B 9F F0 81 84 A6
17:10:09.480 R 1DEFFFCC C0 0E 3B 9F F0 06 01 FC
17:10:09.482 R 1DEFFFCC E0 0D 3B 9F F0 81 84 A6
17:10:09.580 R 1DEFFFCC 00 09 3B 9F F0 81 AE 02
17:10:07.314 R 1DEFFFCC 20 08 3B 9F F0 81 9C A1
17:10:10.478 R 1DEFFFCC 40 0E 3B 9F F0 06 01 FC
17:10:10.480 R 1DEFFFCC 60 0D 3B 9F F0 81 84 A6
17:10:10.578 R 1DEFFFCC A0 09 3B 9F F0 81 AE 02
17:10:08.310 R 1DEFFFCC C0 08 3B 9F F0 81 9C A1
17:10:11.731 R 1DEFFFCC E0 0D 3B 9F F0 81 84 A6
17:10:11.732 R 1DEFFFCC 00 0E 3B 9F F0 06 01 FC
17:10:11.834 R 1DEFFFCC 20 09 3B 9F F0 81 AE 02
17:10:09.298 R 1DEFFFCC 40 08 3B 9F F0 81 9C A1
17:10:09.560 R 1DEFFFCC 80 0D 3B 9F F0 81 84 A6
17:10:12.470 R 1DEFFFCC A0 0E 3B 9F F0 06 01 FC
17:10:12.474 R 1DEFFFCC C0 0D 3B 9F F0 81 84 A6
17:10:12.580 R 1DEFFFCC E0 09 3B 9F F0 81 AE 02
17:10:10.249 R 1DEFFFCC 00 08 3B 9F F0 81 9C A1
17:10:13.466 R 1DEFFFCC 20 0E 3B 9F F0 06 01 FC
17:10:13.469 R 1DEFFFCC 40 0D 3B 9F F0 81 84 A6
17:10:13.568 R 1DEFFFCC 60 09 3B 9F F0 81 AE 02
17:10:11.298 R 1DEFFFCC A0 08 3B 9F F0 81 9C A1
17:10:14.718 R 1DEFFFCC C0 0E 3B 9F F0 06 01 FC
17:10:14.720 R 1DEFFFCC E0 0D 3B 9F F0 81 84 A6
17:10:14.819 R 1DEFFFCC 00 09 3B 9F F0 81 AE 02
17:10:12.292 R 1DEFFFCC 20 08 3B 9F F0 81 9C A1
17:10:15.452 R 1DEFFFCC 60 0E 3B 9F F0 06 01 FC
17:10:15.456 R 1DEFFFCC 80 0D 3B 9F F0 81 84 A6
17:10:15.552 R 1DEFFFCC A0 09 3B 9F F0 81 AE 02
17:10:13.277 R 1DEFFFCC C0 08 3B 9F F0 81 9C A1
17:10:16.446 R 1DEFFFCC E0 0E 3B 9F F0 06 01 FC
17:10:16.448 R 1DEFFFCC 00 0D 3B 9F F0 81 84 A6
17:10:16.548 R 1DEFFFCC 20 09 3B 9F F0 81 AE 02
17:10:14.276 R 1DEFFFCC 60 08 3B 9F F0 81 9C A1
17:10:17.699 R 1DEFFFCC 80 0E 3B 9F F0 06 01 FC
17:10:17.702 R 1DEFFFCC A0 0D 3B 9F F0 81 84 A6
17:10:17.801 R 1DEFFFCC C0 09 3B 9F F0 81 AE 02
17:10:15.248 R 1DEFFFCC E0 08 3B 9F F0 81 9C A1
17:10:18.571 R 1DEFFFCC 00 0D 3B 9F F0 81 84 A6
17:10:18.697 R 1DEFFFCC 20 0E 3B 9F F0 06 01 FC
17:10:18.699 R 1DEFFFCC 40 0D 3B 9F F0 81 84 A6
17:10:18.798 R 1DEFFFCC 80 09 3B 9F F0 81 AE 02
17:10:18.897 R 1DEFFFCC A0 07 3B 9F F0 81 90 10
17:10:16.264 R 1DEFFFCC C0 08 3B 9F F0 81 9C A1
17:10:16.565 R 1DEFFFCC E0 0D 3B 9F F0 81 A4 56
17:10:19.435 R 1DEFFFCC 00 0E 3B 9F F0 06 01 FC
17:10:19.437 R 1DEFFFCC 20 0D 3B 9F F0 81 84 A6
17:10:19.536 R 1DEFFFCC 40 09 3B 9F F0 81 AE 02
17:10:17.255 R 1DEFFFCC 60 08 3B 9F F0 81 9C A1
17:10:20.429 R 1DEFFFCC A0 0E 3B 9F F0 06 01 FC
17:10:20.431 R 1DEFFFCC C0 0D 3B 9F F0 81 84 A6
17:10:20.530 R 1DEFFFCC E0 09 3B 9F F0 81 AE 02
17:10:18.248 R 1DEFFFCC 00 08 3B 9F F0 81 9C A1
17:10:21.684 R 1DEFFFCC 20 0E 3B 9F F0 06 01 FC
17:10:21.686 R 1DEFFFCC 40 0D 3B 9F F0 81 84 A6
17:10:21.786 R 1DEFFFCC 60 09 3B 9F F0 81 AE 02
17:10:19.236 R 1DEFFFCC A0 08 3B 9F F0 81 9C A1
17:10:22.681 R 1DEFFFCC C0 0E 3B 9F F0 06 01 FC
17:10:22.684 R 1DEFFFCC E0 0D 3B 9F F0 81 84 A6
17:10:22.782 R 1DEFFFCC 00 09 3B 9F F0 81 AE 02
17:10:20.231 R 1DEFFFCC 20 08 3B 9F F0 81 9C A1
17:10:24.409 R 1DEFFFCC E0 0E 3B 9F F0 06 01 FC
17:10:24.415 R 1DEFFFCC 00 0D 3B 9F F0 81 84 A6
17:10:24.508 R 1DEFFFCC 20 09 3B 9F F0 81 AE 02
17:10:22.210 R 1DEFFFCC 60 08 3B 9F F0 81 9C A1
17:10:25.662 R 1DEFFFCC 80 0E 3B 9F F0 06 01 FC
17:10:25.667 R 1DEFFFCC A0 0D 3B 9F F0 81 84 A6
17:10:25.762 R 1DEFFFCC C0 09 3B 9F F0 81 AE 02
17:10:25.938 R 1DEFFFCC E0 0D 3B 9F F0 81 84 A6
17:10:23.213 R 1DEFFFCC 20 08 3B 9F F0 81 9C A1
17:10:26.674 R 1DEFFFCC 40 0E 3B 9F F0 06 01 FC
17:10:26.680 R 1DEFFFCC 60 0D 3B 9F F0 81 84 A6
17:10:26.774 R 1DEFFFCC 80 09 3B 9F F0 81 AE 02
17:10:26.776 R 1DEFFFCC A0 08 3B 9F F0 81 7F 01
17:10:24.202 R 1DEFFFCC C0 08 3B 9F F0 81 9C A1
17:10:27.391 R 1DEFFFCC 00 0E 3B 9F F0 06 01 FC
17:10:27.397 R 1DEFFFCC 20 0D 3B 9F F0 81 84 E6
17:10:27.492 R 1DEFFFCC 40 09 3B 9F F0 81 AE 02
17:10:25.177 R 1DEFFFCC 60 08 3B 9F F0 81 9C A1
17:10:28.644 R 1DEFFFCC 80 0E 3B 9F F0 06 01 FC
17:10:28.646 R 1DEFFFCC A0 0D 3B 9F F0 81 84 A6
17:10:28.745 R 1DEFFFCC C0 09 3B 9F F0 81 AE 02
17:10:28.746 R 1DEFFFCC E0 08 3B 9F F0 81 7F 01
17:10:28.846 R 1DEFFFCC 00 07 3B 9F F0 81 90 10
17:10:26.137 R 1DEFFFCC 40 08 3B 9F F0 81 9C A1
17:10:29.638 R 1DEFFFCC 60 0E 3B 9F F0 06 01 FC
17:10:29.640 R 1DEFFFCC 80 0D 3B 9F F0 81 84 A6
17:10:29.739 R 1DEFFFCC A0 09 3B 9F F0 81 AE 02
17:10:27.188 R 1DEFFFCC C0 08 3B 9F F0 81 9C A1
17:10:30.376 R 1DEFFFCC E0 0E 3B 9F F0 06 01 FC
17:10:30.378 R 1DEFFFCC 00 0D 3B 9F F0 81 84 A6
17:10:30.478 R 1DEFFFCC 40 09 3B 9F F0 81 AE 02
17:10:30.479 R 1DEFFFCC 60 08 3B 9F F0 81 7F 01
17:10:28.181 R 1DEFFFCC 80 08 3B 9F F0 81 9C A1
17:10:31.371 R 1DEFFFCC A0 0E 3B 9F F0 06 01 FC
17:10:31.374 R 1DEFFFCC C0 0D 3B 9F F0 81 84 A6
17:10:31.473 R 1DEFFFCC E0 09 3B 9F F0 81 AE 02
17:10:29.152 R 1DEFFFCC 00 08 3B 9F F0 81 9C A1
17:10:32.623 R 1DEFFFCC 40 0E 3B 9F F0 06 01 FC
17:10:32.625 R 1DEFFFCC 60 0D 3B 9F F0 81 84 A6
17:10:32.724 R 1DEFFFCC 80 09 3B 9F F0 81 AE 02
17:10:32.725 R 1DEFFFCC A0 08 3B 9F F0 81 7F 01
17:10:30.115 R 1DEFFFCC C0 08 3B 9F F0 81 9C A1
17:10:33.625 R 1DEFFFCC E0 0E 3B 9F F0 06 01 FC
17:10:33.627 R 1DEFFFCC 00 0D 3B 9F F0 81 84 A6
17:10:33.725 R 1DEFFFCC 20 09 3B 9F F0 81 AE 02
17:10:31.146 R 1DEFFFCC 60 08 3B 9F F0 81 9C A1
17:10:34.624 R 1DEFFFCC 80 0E 3B 9F F0 06 01 FC
17:10:34.626 R 1DEFFFCC A0 0D 3B 9F F0 81 84 A6
17:10:34.726 R 1DEFFFCC C0 09 3B 9F F0 81 AE 02
17:10:34.727 R 1DEFFFCC E0 08 3B 9F F0 81 7F 01
17:10:32.162 R 1DEFFFCC 00 08 3B 9F F0 81 9C A1
17:10:35.613 R 1DEFFFCC 40 0E 3B 9F F0 06 01 FC
17:10:35.615 R 1DEFFFCC 60 0D 3B 9F F0 81 84 A6
17:10:35.718 R 1DEFFFCC 80 09 3B 9F F0 81 AE 02
17:10:33.129 R 1DEFFFCC A0 08 3B 9F F0 81 9C A1
17:10:36.608 R 1DEFFFCC C0 0E 3B 9F F0 06 01 FC
17:10:36.611 R 1DEFFFCC E0 0D 3B 9F F0 81 84 A6
17:10:36.712 R 1DEFFFCC 00 09 3B 9F F0 81 AE 02
17:10:36.714 R 1DEFFFCC 20 08 3B 9F F0 81 7F 01
17:10:34.145 R 1DEFFFCC 60 08 3B 9F F0 81 9C A1
17:10:37.618 R 1DEFFFCC 80 0E 3B 9F F0 06 01 FC
17:10:37.620 R 1DEFFFCC A0 0D 3B 9F F0 81 84 A6
17:10:37.719 R 1DEFFFCC C0 09 3B 9F F0 81 AE 02
17:10:35.136 R 1DEFFFCC E0 08 3B 9F F0 81 9C A1
17:10:38.342 R 1DEFFFCC 00 0E 3B 9F F0 06 01 FC
17:10:38.344 R 1DEFFFCC 20 0D 3B 9F F0 81 84 A6
17:10:38.445 R 1DEFFFCC 60 09 3B 9F F0 81 AE 02
17:10:38.447 R 1DEFFFCC 80 08 3B 9F F0 81 7F 01
17:10:38.543 R 1DEFFFCC A0 07 3B 9F F0 81 90 10
17:10:36.317 R 1DEFFFCC C0 08 3B 9F F0 81 9C A1
17:10:39.595 R 1DEFFFCC E0 0E 3B 9F F0 06 01 FC
17:10:39.597 R 1DEFFFCC 00 0D 3B 9F F0 81 84 A6
17:10:39.700 R 1DEFFFCC 20 09 3B 9F F0 81 AE 02
17:10:37.317 R 1DEFFFCC 40 08 3B 9F F0 81 9C A1
17:10:40.589 R 1DEFFFCC 80 0E 3B 9F F0 06 01 FC
17:10:40.592 R 1DEFFFCC A0 0D 3B 9F F0 81 84 A6
17:10:40.694 R 1DEFFFCC C0 09 3B 9F F0 81 AE 02
17:10:40.697 R 1DEFFFCC E0 08 3B 9F F0 81 7F 01
17:10:38.104 R 1DEFFFCC 00 08 3B 9F F0 81 9C A1
17:10:41.587 R 1DEFFFCC 20 0D 3B 9F F0 81 84 A6
17:10:41.590 R 1DEFFFCC 40 0E 3B 9F F0 06 01 FC
17:10:40.090 R 1DEFFFCC 40 08 3B 9F F0 81 9C A1
17:10:43.574 R 1DEFFFCC 80 0E 3B 9F F0 06 01 FC
17:10:43.576 R 1DEFFFCC A0 0D 3B 9F F0 81 84 A6
17:10:43.675 R 1DEFFFCC C0 09 3B 9F F0 81 AE 02
17:10:41.081 R 1DEFFFCC E0 08 3B 9F F0 81 9C A1
17:10:44.578 R 1DEFFFCC 00 0E 3B 9F F0 06 01 FC
17:10:44.580 R 1DEFFFCC 20 0D 3B 9F F0 81 84 A6
17:10:44.680 R 1DEFFFCC 40 09 3B 9F F0 81 AE 02
17:10:44.681 R 1DEFFFCC 60 08 3B 9F F0 81 7F 01
17:10:42.327 R 1DEFFFCC A0 08 3B 9F F0 81 9C A1
17:10:45.298 R 1DEFFFCC C0 0E 3B 9F F0 06 01 FC
17:10:45.301 R 1DEFFFCC E0 0D 3B 9F F0 81 84 A6
17:10:45.400 R 1DEFFFCC 00 09 3B 9F F0 81 AE 02
17:10:43.077 R 1DEFFFCC 20 08 3B 9F F0 81 9C A1
17:10:46.555 R 1DEFFFCC 40 0E 3B 9F F0 06 01 FC
17:10:46.557 R 1DEFFFCC 60 0D 3B 9F F0 81 84 A6
17:10:46.656 R 1DEFFFCC A0 09 3B 9F F0 81 AE 02
17:10:46.657 R 1DEFFFCC C0 08 3B 9F F0 81 7F 01
17:10:44.319 R 1DEFFFCC E0 08 3B 9F F0 81 9C A1
17:10:47.557 R 1DEFFFCC 00 0E 3B 9F F0 06 01 FC
17:10:47.559 R 1DEFFFCC 20 0D 3B 9F F0 81 84 A6
17:10:47.658 R 1DEFFFCC 40 09 3B 9F F0 81 AE 02
17:10:45.312 R 1DEFFFCC 60 08 3B 9F F0 81 9C A1
17:10:48.550 R 1DEFFFCC A0 0E 3B 9F F0 06 01 FC
17:10:48.552 R 1DEFFFCC C0 0D 3B 9F F0 81 84 A6
17:10:48.652 R 1DEFFFCC E0 09 3B 9F F0 81 AE 02
17:10:48.653 R 1DEFFFCC 00 08 3B 9F F0 81 7F 01
17:10:48.751 R 1DEFFFCC 20 07 3B 9F F0 81 90 10
17:10:46.305 R 1DEFFFCC 40 08 3B 9F F0 81 9C A1
17:10:46.604 R 1DEFFFCC 60 0D 3B 9F F0 81 A4 56
17:10:49.533 R 1DEFFFCC 80 0E 3B 9F F0 06 01 FC
17:10:49.536 R 1DEFFFCC A0 0D 3B 9F F0 81 84 A6
17:10:49.635 R 1DEFFFCC C0 09 3B 9F F0 81 AE 02
17:10:47.135 R 1DEFFFCC 00 08 3B 9F F0 81 9C A1
17:10:50.527 R 1DEFFFCC 20 0E 3B 9F F0 06 01 FC
17:10:50.530 R 1DEFFFCC 40 0D 3B 9F F0 81 84 A6
17:10:50.629 R 1DEFFFCC 60 09 3B 9F F0 81 AE 02
17:10:50.630 R 1DEFFFCC 80 08 3B 9F F0 81 7F 01
17:10:48.280 R 1DEFFFCC A0 08 3B 9F F0 81 9C A1
17:10:51.537 R 1DEFFFCC E0 0E 3B 9F F0 06 01 FC
17:10:51.539 R 1DEFFFCC 00 0D 3B 9F F0 81 84 A6
17:10:51.637 R 1DEFFFCC 20 09 3B 9F F0 81 AE 02
17:10:49.230 R 1DEFFFCC 40 08 3B 9F F0 81 9C A1
17:10:52.522 R 1DEFFFCC 60 0E 3B 9F F0 06 01 FC
17:10:52.525 R 1DEFFFCC 80 0D 3B 9F F0 81 84 A6
17:10:52.620 R 1DEFFFCC A0 09 3B 9F F0 81 AE 02
17:10:52.622 R 1DEFFFCC C0 08 3B 9F F0 81 7F 01
17:10:50.272 R 1DEFFFCC 00 08 3B 9F F0 81 9C A1
17:10:53.521 R 1DEFFFCC 20 0E 3B 9F F0 06 01 FC
17:10:53.523 R 1DEFFFCC 40 0D 3B 9F F0 81 84 A6
17:10:53.622 R 1DEFFFCC 60 09 3B 9F F0 81 AE 02
17:10:51.266 R 1DEFFFCC 80 08 3B 9F F0 81 9C A1
17:10:51.769 R 1DEFFFCC A0 0D 3B 9F F0 81 84 A6
17:10:54.502 R 1DEFFFCC C0 0E 3B 9F F0 06 01 FC
17:10:54.596 R 1DEFFFCC 00 09 3B 9F F0 81 AE 02
17:10:54.598 R 1DEFFFCC 20 08 3B 9F F0 81 7F 01
17:10:52.007 R 1DEFFFCC 40 08 3B 9F F0 81 9C A1
17:10:52.508 R 1DEFFFCC 60 0E 3B 9F F0 06 01 FC
17:10:52.513 R 1DEFFFCC 80 0D 3B 9F F0 81 84 A6
17:10:55.595 R 1DEFFFCC A0 09 3B 9F F0 81 AE 02
17:10:54.492 R 1DEFFFCC A0 0E 3B 9F F0 06 01 FC
17:10:54.494 R 1DEFFFCC C0 0D 3B 9F F0 81 84 A6
17:10:57.592 R 1DEFFFCC E0 09 3B 9F F0 81 AE 02
17:10:57.992 R 1DEFFFCC 20 08 3B 9F F0 81 9C A1
17:10:55.734 R 1DEFFFCC 40 0E 3B 9F F0 06 01 FC
17:10:55.736 R 1DEFFFCC 60 0D 3B 9F F0 81 84 A6
17:10:58.602 R 1DEFFFCC 80 09 3B 9F F0 81 AE 02
17:10:58.604 R 1DEFFFCC A0 08 3B 9F F0 81 7F 01
17:10:58.701 R 1DEFFFCC C0 07 3B 9F F0 81 90 10
17:10:59.003 R 1DEFFFCC E0 08 3B 9F F0 81 9C A1
17:10:56.725 R 1DEFFFCC 20 0E 3B 9F F0 06 01 FC
17:10:56.728 R 1DEFFFCC 40 0D 3B 9F F0 81 84 A6
17:10:59.843 R 1DEFFFCC 60 09 3B 9F F0 81 AE 02
17:11:00.244 R 1DEFFFCC 80 08 3B 9F F0 81 9C A1
17:10:57.718 R 1DEFFFCC A0 0E 3B 9F F0 06 01 FC
17:10:57.721 R 1DEFFFCC C0 0D 3B 9F F0 81 84 A6
17:11:00.583 R 1DEFFFCC E0 09 3B 9F F0 81 AE 02
17:11:00.584 R 1DEFFFCC 00 08 3B 9F F0 81 7F 01
17:11:00.984 R 1DEFFFCC 40 08 3B 9F F0 81 9C A1
17:10:58.712 R 1DEFFFCC 80 0E 3B 9F F0 06 01 FC
17:10:58.715 R 1DEFFFCC A0 0D 3B 9F F0 81 84 A6
17:11:01.586 R 1DEFFFCC C0 09 3B 9F F0 81 AE 02
17:11:01.987 R 1DEFFFCC E0 08 3B 9F F0 81 9C A1
17:10:59.706 R 1DEFFFCC 00 0E 3B 9F F0 06 01 FC
17:10:59.709 R 1DEFFFCC 20 0D 3B 9F F0 81 84 A6
17:11:02.573 R 1DEFFFCC 40 09 3B 9F F0 81 AE 02
17:11:02.574 R 1DEFFFCC 60 08 3B 9F F0 81 7F 01
17:11:02.973 R 1DEFFFCC 80 08 3B 9F F0 81 9C A1
17:11:00.703 R 1DEFFFCC C0 0E 3B 9F F0 06 01 FC
17:11:00.706 R 1DEFFFCC E0 0D 3B 9F F0 81 84 A6
17:11:03.822 R 1DEFFFCC 00 09 3B 9F F0 81 AE 02
17:11:04.223 R 1DEFFFCC 20 08 3B 9F F0 81 9C A1
17:11:01.695 R 1DEFFFCC 60 0E 3B 9F F0 06 01 FC
17:11:01.695 R 1DEFFFCC 80 0D 3B 9F F0 81 84 A6
17:11:04.564 R 1DEFFFCC A0 09 3B 9F F0 81 AE 02
17:11:04.565 R 1DEFFFCC C0 08 3B 9F F0 81 7F 01
17:11:04.965 R 1DEFFFCC E0 08 3B 9F F0 81 9C A1
17:11:02.686 R 1DEFFFCC 00 0E 3B 9F F0 06 01 FC
17:11:02.688 R 1DEFFFCC 20 0D 3B 9F F0 81 84 A6
17:11:05.553 R 1DEFFFCC 40 09 3B 9F F0 81 AE 02
17:11:05.958 R 1DEFFFCC 80 08 3B 9F F0 81 9C A1
17:11:03.677 R 1DEFFFCC A0 0E 3B 9F F0 06 01 FC
17:11:03.679 R 1DEFFFCC C0 0D 3B 9F F0 81 84 A6
17:11:06.813 R 1DEFFFCC E0 09 3B 9F F0 81 AE 02
17:11:06.815 R 1DEFFFCC 00 08 3B 9F F0 81 7F 01
17:11:07.215 R 1DEFFFCC 20 08 3B 9F F0 81 9C A1
17:11:04.672 R 1DEFFFCC 40 0E 3B 9F F0 06 01 FC
17:11:04.676 R 1DEFFFCC 60 0D 3B 9F F0 81 84 A6
17:11:07.546 R 1DEFFFCC A0 09 3B 9F F0 81 AE 02
17:11:07.950 R 1DEFFFCC C0 08 3B 9F F0 81 9C A1
17:11:05.671 R 1DEFFFCC E0 0E 3B 9F F0 06 01 FC
17:11:05.674 R 1DEFFFCC 00 0D 3B 9F F0 81 84 A6
17:11:08.558 R 1DEFFFCC 20 09 3B 9F F0 81 AE 02
17:11:08.560 R 1DEFFFCC 40 08 3B 9F F0 81 7F 01
17:11:08.659 R 1DEFFFCC 60 07 3B 9F F0 81 90 10
17:11:08.962 R 1DEFFFCC 80 08 3B 9F F0 81 9C A1
17:11:06.660 R 1DEFFFCC C0 0D 3B 9F F0 81 84 A6
17:11:06.666 R 1DEFFFCC E0 0E 3B 9F F0 06 01 FC
17:11:09.798 R 1DEFFFCC 00 09 3B 9F F0 81 AE 02
17:11:10.202 R 1DEFFFCC 20 08 3B 9F F0 81 9C A1
17:11:07.650 R 1DEFFFCC 40 0E 3B 9F F0 06 01 FC
17:11:07.653 R 1DEFFFCC 60 0D 3B 9F F0 81 84 A6
17:11:10.777 R 1DEFFFCC 80 09 3B 9F F0 81 AE 02
17:11:10.779 R 1DEFFFCC A0 08 3B 9F F0 81 7F 01
17:11:11.183 R 1DEFFFCC E0 08 3B 9F F0 81 9C A1
17:11:08.647 R 1DEFFFCC 00 0E 3B 9F F0 06 01 FC
17:11:08.649 R 1DEFFFCC 20 0D 3B 9F F0 81 84 A6
17:11:11.522 R 1DEFFFCC 40 09 3B 9F F0 81 AE 02
17:11:11.925 R 1DEFFFCC 60 08 3B 9F F0 81 9C A1
17:11:09.638 R 1DEFFFCC A0 0E 3B 9F F0 06 01 FC
17:11:09.641 R 1DEFFFCC C0 0D 3B 9F F0 81 84 A6
17:11:12.519 R 1DEFFFCC E0 09 3B 9F F0 81 AE 02
17:11:12.522 R 1DEFFFCC 00 08 3B 9F F0 81 7F 01
17:11:12.921 R 1DEFFFCC 20 08 3B 9F F0 81 9C A1
17:11:10.633 R 1DEFFFCC 40 0E 3B 9F F0 06 01 FC
17:11:10.636 R 1DEFFFCC 60 0D 3B 9F F0 81 84 A6
17:11:13.783 R 1DEFFFCC 80 09 3B 9F F0 81 AE 02
17:11:14.185 R 1DEFFFCC C0 08 3B 9F F0 81 9C A1
17:11:11.629 R 1DEFFFCC E0 0D 3B 9F F0 81 84 A6
17:11:11.629 R 1DEFFFCC 00 0E 3B 9F F0 06 01 FC
17:11:14.798 R 1DEFFFCC 20 09 3B 9F F0 81 AE 02
17:11:14.800 R 1DEFFFCC 40 08 3B 9F F0 81 7F 01
17:11:15.201 R 1DEFFFCC 60 08 3B 9F F0 81 9C A1
17:11:12.698 R 1DEFFFCC 80 0E 3B 9F F0 06 01 FC
17:11:12.701 R 1DEFFFCC A0 0D 3B 9F F0 81 84 A6
17:11:15.535 R 1DEFFFCC E0 09 3B 9F F0 81 AE 02
17:11:15.938 R 1DEFFFCC 00 08 3B 9F F0 81 9C A1
17:11:13.616 R 1DEFFFCC 20 0E 3B 9F F0 06 01 FC
17:11:13.621 R 1DEFFFCC 40 0D 3B 9F F0 81 84 A6
17:11:13.715 R 1DEFFFCC 60 09 3B 9F F0 81 AE 02
17:11:16.502 R 1DEFFFCC 80 08 3B 9F F0 81 7F 01
17:11:16.902 R 1DEFFFCC A0 08 3B 9F F0 81 9C A1
17:11:14.756 R 1DEFFFCC E0 0E 3B 9F F0 06 01 FC
17:11:14.759 R 1DEFFFCC 00 0D 3B 9F F0 81 84 A6
17:11:14.857 R 1DEFFFCC 20 09 3B 9F F0 81 AE 02
17:11:18.172 R 1DEFFFCC 40 08 3B 9F F0 81 9C A1
17:11:15.747 R 1DEFFFCC 60 0E 3B 9F F0 06 01 FC
17:11:15.749 R 1DEFFFCC 80 0D 3B 9F F0 81 84 A6
17:11:15.847 R 1DEFFFCC A0 09 3B 9F F0 81 AE 02
17:11:15.850 R 1DEFFFCC C0 08 3B 9F F0 81 7F 01
17:11:18.883 R 1DEFFFCC E0 07 3B 9F F0 81 90 10
17:11:19.184 R 1DEFFFCC 20 08 3B 9F F0 81 9C A1
17:11:16.396 R 1DEFFFCC 40 0D 3B 9F F0 81 A4 56
17:11:16.594 R 1DEFFFCC 60 0E 3B 9F F0 06 01 FC
17:11:16.596 R 1DEFFFCC 80 0D 3B 9F F0 81 84 A6
17:11:16.694 R 1DEFFFCC A0 09 3B 9F F0 81 AE 02
17:11:19.896 R 1DEFFFCC C0 08 3B 9F F0 81 9C A1
17:11:17.589 R 1DEFFFCC 00 0E 3B 9F F0 06 01 FC
17:11:17.591 R 1DEFFFCC 20 0D 3B 9F F0 81 84 A6
17:11:17.690 R 1DEFFFCC 40 09 3B 9F F0 81 AE 02
17:11:17.692 R 1DEFFFCC 60 08 3B 9F F0 81 7F 01
17:11:21.149 R 1DEFFFCC 80 08 3B 9F F0 81 9C A1
17:11:18.584 R 1DEFFFCC A0 0E 3B 9F F0 06 01 FC
17:11:18.587 R 1DEFFFCC C0 0D 3B 9F F0 81 84 A6
17:11:18.685 R 1DEFFFCC E0 09 3B 9F F0 81 AE 02
17:11:22.156 R 1DEFFFCC 20 08 3B 9F F0 81 9C A1
17:11:19.579 R 1DEFFFCC 40 0E 3B 9F F0 06 01 FC
17:11:19.582 R 1DEFFFCC 60 0D 3B 9F F0 81 84 A6
17:11:19.680 R 1DEFFFCC 80 09 3B 9F F0 81 AE 02
17:11:19.683 R 1DEFFFCC A0 08 3B 9F F0 81 7F 01
17:11:22.890 R 1DEFFFCC C0 08 3B 9F F0 81 9C A1
17:11:20.580 R 1DEFFFCC E0 0E 3B 9F F0 06 01 FC
17:11:20.585 R 1DEFFFCC 00 0D 3B 9F F0 81 84 A6
17:11:20.681 R 1DEFFFCC 40 09 3B 9F F0 81 AE 02
17:11:24.137 R 1DEFFFCC 60 08 3B 9F F0 81 9C A1
17:11:21.520 R 1DEFFFCC 80 0E 3B 9F F0 06 01 FC
17:11:21.522 R 1DEFFFCC A0 0D 3B 9F F0 81 84 A6
17:11:21.621 R 1DEFFFCC C0 09 3B 9F F0 81 AE 02
17:11:21.622 R 1DEFFFCC E0 08 3B 9F F0 81 7F 01
17:11:25.146 R 1DEFFFCC 00 08 3B 9F F0 81 9C A1
17:11:22.810 R 1DEFFFCC 40 0E 3B 9F F0 06 01 FC
17:11:22.813 R 1DEFFFCC 60 0D 3B 9F F0 81 84 A6
17:11:22.912 R 1DEFFFCC 80 09 3B 9F F0 81 AE 02
17:11:26.141 R 1DEFFFCC A0 08 3B 9F F0 81 9C A1
17:11:23.560 R 1DEFFFCC C0 0E 3B 9F F0 06 01 FC
17:11:23.563 R 1DEFFFCC E0 0D 3B 9F F0 81 84 A6
17:11:23.661 R 1DEFFFCC 00 09 3B 9F F0 81 AE 02
17:11:23.663 R 1DEFFFCC 20 08 3B 9F F0 81 7F 01
17:11:26.862 R 1DEFFFCC 60 08 3B 9F F0 81 9C A1
17:11:25.644 R 1DEFFFCC 20 0E 3B 9F F0 06 01 FC
17:11:25.647 R 1DEFFFCC 40 0D 3B 9F F0 81 84 A6
17:11:25.745 R 1DEFFFCC 60 09 3B 9F F0 81 AE 02
17:11:25.746 R 1DEFFFCC 80 08 3B 9F F0 81 7F 01
17:11:28.835 R 1DEFFFCC A0 07 3B 9F F0 81 90 10
17:11:29.136 R 1DEFFFCC C0 08 3B 9F F0 81 9C A1
17:11:26.793 R 1DEFFFCC E0 0E 3B 9F F0 06 01 FC
17:11:26.795 R 1DEFFFCC 00 0D 3B 9F F0 81 84 A6
17:11:26.895 R 1DEFFFCC 20 09 3B 9F F0 81 AE 02
17:11:29.873 R 1DEFFFCC 60 08 3B 9F F0 81 9C A1
17:11:27.782 R 1DEFFFCC 80 0E 3B 9F F0 06 01 FC
17:11:27.785 R 1DEFFFCC A0 0D 3B 9F F0 81 84 A6
17:11:27.882 R 1DEFFFCC C0 09 3B 9F F0 81 AE 02
17:11:27.884 R 1DEFFFCC E0 08 3B 9F F0 81 7F 01
17:11:31.107 R 1DEFFFCC 00 08 3B 9F F0 81 9C A1
17:11:28.820 R 1DEFFFCC 20 0E 3B 9F F0 06 01 FC
17:11:28.826 R 1DEFFFCC 40 0D 3B 9F F0 81 84 A6
17:11:28.923 R 1DEFFFCC 80 09 3B 9F F0 81 AE 02
17:11:32.136 R 1DEFFFCC A0 08 3B 9F F0 81 9C A1
17:11:29.815 R 1DEFFFCC C0 0E 3B 9F F0 06 01 FC
17:11:29.817 R 1DEFFFCC E0 0D 3B 9F F0 81 84 A6
17:11:29.915 R 1DEFFFCC 00 09 3B 9F F0 81 AE 02
17:11:29.916 R 1DEFFFCC 20 08 3B 9F F0 81 7F 01
17:11:33.111 R 1DEFFFCC 40 08 3B 9F F0 81 9C A1
17:11:30.653 R 1DEFFFCC 80 0E 3B 9F F0 06 01 FC
17:11:30.655 R 1DEFFFCC A0 0D 3B 9F F0 81 84 A6
17:11:30.754 R 1DEFFFCC C0 09 3B 9F F0 81 AE 02
17:11:34.087 R 1DEFFFCC E0 08 3B 9F F0 81 9C A1
17:11:31.757 R 1DEFFFCC 00 0E 3B 9F F0 06 01 FC
17:11:31.759 R 1DEFFFCC 20 0D 3B 9F F0 81 84 A6
17:11:31.857 R 1DEFFFCC 40 09 3B 9F F0 81 AE 02
17:11:31.860 R 1DEFFFCC 60 08 3B 9F F0 81 7F 01
17:11:35.091 R 1DEFFFCC A0 08 3B 9F F0 81 9C A1
17:11:32.698 R 1DEFFFCC C0 0E 3B 9F F0 06 01 FC
17:11:32.698 R 1DEFFFCC E0 0D 3B 9F F0 81 84 A6
17:11:32.802 R 1DEFFFCC 00 09 3B 9F F0 81 AE 02
17:11:36.089 R 1DEFFFCC 20 08 3B 9F F0 81 9C A1
17:11:34.885 R 1DEFFFCC 40 09 3B 9F F0 81 AE 02
17:11:38.078 R 1DEFFFCC 80 08 3B 9F F0 81 9C A1
17:11:35.775 R 1DEFFFCC A0 0E 3B 9F F0 06 01 FC
17:11:35.777 R 1DEFFFCC C0 0D 3B 9F F0 81 84 A6
17:11:35.876 R 1DEFFFCC E0 09 3B 9F F0 81 AE 02
17:11:35.877 R 1DEFFFCC 00 08 3B 9F F0 81 7F 01
17:11:35.975 R 1DEFFFCC 20 07 3B 9F F0 81 90 10
17:11:39.086 R 1DEFFFCC 40 08 3B 9F F0 81 9C A1
17:11:36.817 R 1DEFFFCC 60 0E 3B 9F F0 06 01 FC
17:11:36.822 R 1DEFFFCC 80 0D 3B 9F F0 81 84 A6
17:11:36.919 R 1DEFFFCC C0 09 3B 9F F0 81 AE 02
17:11:40.063 R 1DEFFFCC E0 08 3B 9F F0 81 9C A1
17:11:37.719 R 1DEFFFCC 00 0E 3B 9F F0 06 01 FC
17:11:37.722 R 1DEFFFCC 20 0D 3B 9F F0 81 84 A6
17:11:37.821 R 1DEFFFCC 40 09 3B 9F F0 81 AE 02
17:11:37.822 R 1DEFFFCC 60 08 3B 9F F0 81 7F 01
17:11:41.059 R 1DEFFFCC 80 08 3B 9F F0 81 9C A1
17:11:38.715 R 1DEFFFCC C0 0E 3B 9F F0 06 01 FC
17:11:38.717 R 1DEFFFCC E0 0D 3B 9F F0 81 84 A6
17:11:38.816 R 1DEFFFCC 00 09 3B 9F F0 81 AE 02
17:11:42.063 R 1DEFFFCC 20 08 3B 9F F0 81 9C A1
17:11:39.602 R 1DEFFFCC 40 0D 3B 9F F0 81 84 A6
17:11:39.605 R 1DEFFFCC 60 0E 3B 9F F0 06 01 FC
17:11:39.703 R 1DEFFFCC 80 09 3B 9F F0 81 AE 02
17:11:39.705 R 1DEFFFCC A0 08 3B 9F F0 81 7F 01
17:11:43.048 R 1DEFFFCC E0 08 3B 9F F0 81 9C A1
17:11:40.705 R 1DEFFFCC 00 0E 3B 9F F0 06 01 FC
17:11:40.707 R 1DEFFFCC 20 0D 3B 9F F0 81 84 A6
17:11:40.804 R 1DEFFFCC 40 09 3B 9F F0 81 AE 02
17:11:44.024 R 1DEFFFCC 60 08 3B 9F F0 81 9C A1
17:11:41.645 R 1DEFFFCC A0 0E 3B 9F F0 06 01 FC
17:11:41.647 R 1DEFFFCC C0 0D 3B 9F F0 81 84 A6
17:11:41.747 R 1DEFFFCC E0 09 3B 9F F0 81 AE 02
17:11:41.748 R 1DEFFFCC 00 08 3B 9F F0 81 7F 01
17:11:45.034 R 1DEFFFCC 20 08 3B 9F F0 81 9C A1
17:11:42.583 R 1DEFFFCC 40 0E 3B 9F F0 06 01 FC
17:11:42.586 R 1DEFFFCC 60 0D 3B 9F F0 81 84 A6
17:11:42.685 R 1DEFFFCC 80 09 3B 9F F0 81 AE 02
17:11:46.050 R 1DEFFFCC C0 08 3B 9F F0 81 9C A1
17:11:43.679 R 1DEFFFCC E0 0E 3B 9F F0 06 01 FC
17:11:43.681 R 1DEFFFCC 00 0D 3B 9F F0 81 84 A6
17:11:43.780 R 1DEFFFCC 20 09 3B 9F F0 81 AE 02
17:11:43.781 R 1DEFFFCC 40 08 3B 9F F0 81 7F 01
17:11:47.252 R 1DEFFFCC 60 08 3B 9F F0 81 9C A1
17:11:44.605 R 1DEFFFCC 80 0E 3B 9F F0 06 01 FC
17:11:44.608 R 1DEFFFCC A0 0D 3B 9F F0 81 84 A6
17:11:44.707 R 1DEFFFCC E0 09 3B 9F F0 81 AE 02
17:11:48.019 R 1DEFFFCC 00 08 3B 9F F0 81 9C A1
17:11:45.647 R 1DEFFFCC 20 0E 3B 9F F0 06 01 FC
17:11:45.649 R 1DEFFFCC 40 0D 3B 9F F0 81 84 A6
17:11:45.749 R 1DEFFFCC 60 09 3B 9F F0 81 AE 02
17:11:45.750 R 1DEFFFCC 80 08 3B 9F F0 81 7F 01
17:11:45.848 R 1DEFFFCC A0 07 3B 9F F0 81 90 10
17:11:49.036 R 1DEFFFCC C0 08 3B 9F F0 81 9C A1
17:11:49.338 R 1DEFFFCC 00 0D 3B 9F F0 81 A4 56
17:11:46.592 R 1DEFFFCC 20 0E 3B 9F F0 06 01 FC
17:11:46.595 R 1DEFFFCC 40 0D 3B 9F F0 81 84 A6
17:11:46.694 R 1DEFFFCC 60 09 3B 9F F0 81 AE 02
17:11:50.007 R 1DEFFFCC 80 08 3B 9F F0 81 9C A1
17:11:47.645 R 1DEFFFCC A0 0E 3B 9F F0 06 01 FC
17:11:47.647 R 1DEFFFCC C0 0D 3B 9F F0 81 84 A6
17:11:47.746 R 1DEFFFCC E0 09 3B 9F F0 81 AE 02
17:11:47.747 R 1DEFFFCC 00 08 3B 9F F0 81 7F 01
17:11:50.736 R 1DEFFFCC 40 08 3B 9F F0 81 9C A1
17:11:48.726 R 1DEFFFCC 60 0E 3B 9F F0 06 01 FC
17:11:48.728 R 1DEFFFCC 80 0D 3B 9F F0 81 84 A6
17:11:48.826 R 1DEFFFCC A0 09 3B 9F F0 81 AE 02
17:11:51.982 R 1DEFFFCC C0 08 3B 9F F0 81 9C A1
17:11:49.821 R 1DEFFFCC 00 0E 3B 9F F0 06 01 FC
17:11:49.824 R 1DEFFFCC 20 0D 3B 9F F0 81 84 A6
17:11:49.916 R 1DEFFFCC 40 09 3B 9F F0 81 AE 02
17:11:49.917 R 1DEFFFCC 60 08 3B 9F F0 81 7F 01
17:11:52.969 R 1DEFFFCC 80 08 3B 9F F0 81 9C A1
17:11:50.623 R 1DEFFFCC A0 0E 3B 9F F0 06 01 FC
17:11:50.629 R 1DEFFFCC C0 0D 3B 9F F0 81 84 A6
17:11:50.723 R 1DEFFFCC E0 09 3B 9F F0 81 AE 02
17:11:54.214 R 1DEFFFCC 20 08 3B 9F F0 81 9C A1
17:11:51.617 R 1DEFFFCC 40 0E 3B 9F F0 06 01 FC
17:11:51.624 R 1DEFFFCC 60 0D 3B 9F F0 81 84 A6
17:11:51.716 R 1DEFFFCC 80 09 3B 9F F0 81 AE 02
17:11:51.717 R 1DEFFFCC A0 08 3B 9F F0 81 7F 01
17:11:54.975 R 1DEFFFCC C0 08 3B 9F F0 81 9C E1
17:11:52.610 R 1DEFFFCC E0 0E 3B 9F F0 06 01 FC
17:11:52.611 R 1DEFFFCC 00 0D 3B 9F F0 81 84 A6
17:11:52.707 R 1DEFFFCC 40 09 3B 9F F0 81 AE 02
17:11:56.005 R 1DEFFFCC 60 08 3B 9F F0 81 9C A1
17:11:53.792 R 1DEFFFCC 80 0E 3B 9F F0 06 01 FC
17:11:53.796 R 1DEFFFCC A0 0D 3B 9F F0 81 84 E6
17:11:53.893 R 1DEFFFCC C0 09 3B 9F F0 81 AE 02
17:11:53.897 R 1DEFFFCC E0 08 3B 9F F0 81 7F 01
17:11:57.195 R 1DEFFFCC 00 08 3B 9F F0 81 9C E1
17:11:54.813 R 1DEFFFCC 40 0E 3B 9F F0 06 01 FC
17:11:54.815 R 1DEFFFCC 60 0D 3B 9F F0 81 84 E6
17:11:54.915 R 1DEFFFCC 80 09 3B 9F F0 81 AE 02
17:11:58.190 R 1DEFFFCC A0 08 3B 9F F0 81 9C E1
17:11:55.584 R 1DEFFFCC C0 0E 3B 9F F0 06 01 FC
17:11:55.585 R 1DEFFFCC E0 0D 3B 9F F0 81 84 E6
17:11:55.686 R 1DEFFFCC 00 09 3B 9F F0 81 AE 02
17:11:55.688 R 1DEFFFCC 20 08 3B 9F F0 81 7F 01
17:11:55.785 R 1DEFFFCC 40 07 3B 9F F0 81 90 10
17:11:58.943 R 1DEFFFCC 80 08 3B 9F F0 81 9C E1
17:11:56.580 R 1DEFFFCC A0 0E 3B 9F F0 06 01 FC
17:11:56.582 R 1DEFFFCC C0 0D 3B 9F F0 81 84 E6
17:11:56.681 R 1DEFFFCC E0 09 3B 9F F0 81 AE 02
17:12:00.178 R 1DEFFFCC 00 08 3B 9F F0 81 9C E1
17:11:57.581 R 1DEFFFCC 20 0E 3B 9F F0 06 01 FC
17:11:57.583 R 1DEFFFCC 40 0D 3B 9F F0 81 84 E6
17:11:57.682 R 1DEFFFCC 80 09 3B 9F F0 81 AE 02
17:11:57.683 R 1DEFFFCC A0 08 3B 9F F0 81 7F 01
17:12:01.182 R 1DEFFFCC C0 08 3B 9F F0 81 9C E1
17:11:58.572 R 1DEFFFCC E0 0E 3B 9F F0 06 01 FC
17:11:58.574 R 1DEFFFCC 00 0D 3B 9F F0 81 84 E6
17:11:58.673 R 1DEFFFCC 20 09 3B 9F F0 81 AE 02
17:12:01.917 R 1DEFFFCC 60 08 3B 9F F0 81 9C E1
17:11:59.807 R 1DEFFFCC 80 0E 3B 9F F0 06 01 FC
17:11:59.809 R 1DEFFFCC A0 0D 3B 9F F0 81 84 E6
17:11:59.909 R 1DEFFFCC C0 09 3B 9F F0 81 AE 02
17:11:59.910 R 1DEFFFCC E0 08 3B 9F F0 81 7F 01
17:12:02.912 R 1DEFFFCC 00 08 3B 9F F0 81 9C E1
17:12:00.799 R 1DEFFFCC 40 0E 3B 9F F0 06 01 FC
17:12:00.801 R 1DEFFFCC 60 0D 3B 9F F0 81 84 E6
17:12:00.898 R 1DEFFFCC 80 09 3B 9F F0 81 AE 02
17:12:04.155 R 1DEFFFCC A0 08 3B 9F F0 81 9C E1
17:12:01.540 R 1DEFFFCC C0 0E 3B 9F F0 06 01 FC
17:12:01.542 R 1DEFFFCC E0 0D 3B 9F F0 81 84 A6
17:12:01.641 R 1DEFFFCC 00 09 3B 9F F0 81 AE 02
17:12:01.642 R 1DEFFFCC 20 08 3B 9F F0 81 7F 01
17:12:05.150 R 1DEFFFCC 60 08 3B 9F F0 81 9C A1
17:12:02.786 R 1DEFFFCC 80 0E 3B 9F F0 06 01 FC
17:12:02.788 R 1DEFFFCC A0 0D 3B 9F F0 81 84 E6
17:12:02.886 R 1DEFFFCC C0 09 3B 9F F0 81 AE 02
17:12:05.898 R 1DEFFFCC E0 0D 3B 9F F0 81 84 E6
17:12:05.903 R 1DEFFFCC 00 08 3B 9F F0 81 9C E1
17:12:03.730 R 1DEFFFCC 40 0E 3B 9F F0 06 01 FC
17:12:03.732 R 1DEFFFCC 60 0D 3B 9F F0 81 84 E6
17:12:03.831 R 1DEFFFCC 80 09 3B 9F F0 81 AE 02
17:12:07.141 R 1DEFFFCC A0 08 3B 9F F0 81 9C E1
17:12:05.774 R 1DEFFFCC 60 0E 3B 9F F0 06 01 FC
17:12:05.780 R 1DEFFFCC 80 0D 3B 9F F0 81 84 E6
17:12:05.875 R 1DEFFFCC A0 09 3B 9F F0 81 AE 02
17:12:05.975 R 1DEFFFCC C0 07 3B 9F F0 81 90 10
17:12:08.890 R 1DEFFFCC E0 08 3B 9F F0 81 9C E1
17:12:06.762 R 1DEFFFCC 40 0E 3B 9F F0 06 01 FC
17:12:06.764 R 1DEFFFCC 20 0D 3B 9F F0 81 84 E6
17:12:06.862 R 1DEFFFCC 60 09 3B 9F F0 81 AE 02
17:12:10.130 R 1DEFFFCC 80 08 3B 9F F0 81 9C E1
17:12:10.629 R 1DEFFFCC A0 0E 3B 9F F0 06 01 FC
17:12:10.631 R 1DEFFFCC C0 0D 3B 9F F0 81 84 E6
17:12:07.692 R 1DEFFFCC E0 09 3B 9F F0 81 AE 02
17:12:11.198 R 1DEFFFCC 20 08 3B 9F F0 81 9C E1
17:12:11.702 R 1DEFFFCC 40 0E 3B 9F F0 06 01 FC
17:12:11.704 R 1DEFFFCC 60 0D 3B 9F F0 81 84 E6
17:12:08.840 R 1DEFFFCC 80 09 3B 9F F0 81 AE 02
17:12:12.161 R 1DEFFFCC A0 08 3B 9F F0 81 9C E1
17:12:12.665 R 1DEFFFCC E0 0D 3B 9F F0 81 84 E6
17:12:12.668 R 1DEFFFCC 00 0E 3B 9F F0 06 01 FC
17:12:09.837 R 1DEFFFCC 20 09 3B 9F F0 81 AE 02
17:12:12.898 R 1DEFFFCC 40 08 3B 9F F0 81 9C E1
17:12:13.408 R 1DEFFFCC 60 0D 3B 9F F0 81 84 E6
17:12:13.413 R 1DEFFFCC 80 0E 3B 9F F0 06 01 FC
17:12:10.826 R 1DEFFFCC A0 09 3B 9F F0 81 AE 02
17:12:14.106 R 1DEFFFCC E0 08 3B 9F F0 81 9C E1
17:12:14.615 R 1DEFFFCC 00 0D 3B 9F F0 81 84 E6
17:12:14.624 R 1DEFFFCC 20 0E 3B 9F F0 06 01 FC
17:12:11.713 R 1DEFFFCC 40 09 3B 9F F0 81 AE 02
17:12:15.177 R 1DEFFFCC 60 08 3B 9F F0 81 9C E1
17:12:15.686 R 1DEFFFCC 80 0E 3B 9F F0 06 01 FC
17:12:15.690 R 1DEFFFCC A0 0D 3B 9F F0 81 84 E6
17:12:12.815 R 1DEFFFCC E0 09 3B 9F F0 81 AE 02
17:12:16.118 R 1DEFFFCC 00 08 3B 9F F0 81 9C E1
17:12:16.621 R 1DEFFFCC 20 0E 3B 9F F0 06 01 FC
17:12:16.623 R 1DEFFFCC 40 0D 3B 9F F0 81 84 E6
17:12:13.743 R 1DEFFFCC 60 09 3B 9F F0 81 AE 02
17:12:17.091 R 1DEFFFCC 80 08 3B 9F F0 81 9C E1
17:12:17.593 R 1DEFFFCC C0 0E 3B 9F F0 06 01 FC
17:12:17.595 R 1DEFFFCC E0 0D 3B 9F F0 81 84 E6
17:12:14.741 R 1DEFFFCC 00 09 3B 9F F0 81 AE 02
17:12:18.087 R 1DEFFFCC 20 08 3B 9F F0 81 9C E1
17:12:18.589 R 1DEFFFCC 40 0E 3B 9F F0 06 01 FC
17:12:18.591 R 1DEFFFCC 60 0D 3B 9F F0 81 84 E6
17:12:15.985 R 1DEFFFCC A0 07 3B 9F F0 81 90 10
17:12:19.160 R 1DEFFFCC E0 08 3B 9F F0 81 9C E1
17:12:20.078 R 1DEFFFCC 80 08 3B 9F F0 81 9C E1
17:12:20.581 R 1DEFFFCC C0 0E 3B 9F F0 06 01 FC
17:12:20.583 R 1DEFFFCC E0 0D 3B 9F F0 81 84 E6
17:12:17.868 R 1DEFFFCC 00 09 3B 9F F0 81 AE 02
17:12:21.151 R 1DEFFFCC 20 08 3B 9F F0 81 9C E1
17:12:22.611 R 1DEFFFCC E0 0E 3B 9F F0 06 01 FC
17:12:22.617 R 1DEFFFCC 00 0D 3B 9F F0 81 84 E6
17:12:19.757 R 1DEFFFCC 20 09 3B 9F F0 81 AE 02
17:12:24.063 R 1DEFFFCC E0 08 3B 9F F0 81 9C E1
17:12:24.092 R 1DEFFFCC 00 0D 3B 9F F0 81 84 E6
17:12:24.094 R 1DEFFFCC 20 0D 3B 9F F0 81 84 E6
17:12:24.566 R 1DEFFFCC 40 0E 3B 9F F0 06 01 FC
17:12:24.568 R 1DEFFFCC 60 0D 3B 9F F0 81 84 E6
17:12:24.667 R 1DEFFFCC 80 09 3B 9F F0 81 AE 02
17:12:25.132 R 1DEFFFCC A0 08 3B 9F F0 81 9C E1
17:12:25.634 R 1DEFFFCC E0 0E 3B 9F F0 06 01 FC
17:12:25.637 R 1DEFFFCC 00 0D 3B 9F F0 81 84 E6
17:12:25.735 R 1DEFFFCC 20 09 3B 9F F0 81 AE 02
17:12:26.098 R 1DEFFFCC 40 08 3B 9F F0 81 9C E1
17:12:26.600 R 1DEFFFCC 60 0E 3B 9F F0 06 01 FC
17:12:26.603 R 1DEFFFCC 80 0D 3B 9F F0 81 84 E6
17:12:26.705 R 1DEFFFCC A0 09 3B 9F F0 81 AE 02
17:12:27.049 R 1DEFFFCC E0 08 3B 9F F0 81 9C E1
17:12:27.552 R 1DEFFFCC 00 0E 3B 9F F0 06 01 FC
17:12:27.554 R 1DEFFFCC 20 0D 3B 9F F0 81 84 E6
17:12:27.654 R 1DEFFFCC 40 09 3B 9F F0 81 AE 02
17:12:28.055 R 1DEFFFCC 60 08 3B 9F F0 81 9C E1
17:12:28.557 R 1DEFFFCC A0 0E 3B 9F F0 06 01 FC
17:12:28.559 R 1DEFFFCC C0 0D 3B 9F F0 81 84 E6
17:12:30.591 R 1DEFFFCC E0 0E 3B 9F F0 06 01 FC
17:12:30.593 R 1DEFFFCC 00 0D 3B 9F F0 81 84 E6
17:12:30.693 R 1DEFFFCC 20 09 3B 9F F0 81 AE 02
17:12:31.033 R 1DEFFFCC 40 08 3B 9F F0 81 9C E1
17:12:31.535 R 1DEFFFCC 60 0E 3B 9F F0 06 01 FC
17:12:31.538 R 1DEFFFCC 80 0D 3B 9F F0 81 84 E6
17:12:31.638 R 1DEFFFCC C0 09 3B 9F F0 81 AE 02
17:12:32.067 R 1DEFFFCC E0 08 3B 9F F0 81 9C E1
17:12:32.404 R 1DEFFFCC 00 0D 3B 9F F0 81 84 E6
17:12:32.570 R 1DEFFFCC 20 0E 3B 9F F0 06 01 FC
17:12:32.572 R 1DEFFFCC 40 0D 3B 9F F0 81 84 E6
17:12:32.672 R 1DEFFFCC 60 09 3B 9F F0 81 AE 02
17:12:34.023 R 1DEFFFCC 20 08 3B 9F F0 81 9C E1
17:12:34.523 R 1DEFFFCC 40 0E 3B 9F F0 06 01 FC
17:12:34.525 R 1DEFFFCC 60 0D 3B 9F F0 81 84 E6
17:12:34.625 R 1DEFFFCC 80 09 3B 9F F0 81 AE 02
17:12:35.084 R 1DEFFFCC C0 08 3B 9F F0 81 9C E1
17:12:36.065 R 1DEFFFCC 40 08 3B 9F F0 81 9C E1
17:12:36.565 R 1DEFFFCC 80 0D 3B 9F F0 81 84 E6
17:12:36.568 R 1DEFFFCC A0 0E 3B 9F F0 06 01 FC
17:12:36.670 R 1DEFFFCC C0 09 3B 9F F0 81 AE 02
17:12:34.100 R 1DEFFFCC E0 0D 3B 9F F0 81 84 E6
17:12:37.260 R 1DEFFFCC 00 08 3B 9F F0 81 9C E1
17:12:37.762 R 1DEFFFCC 20 0E 3B 9F F0 06 01 FC
17:12:37.764 R 1DEFFFCC 40 0D 3B 9F F0 81 84 E6
17:12:37.865 R 1DEFFFCC 60 09 3B 9F F0 81 AE 02
17:12:38.048 R 1DEFFFCC A0 08 3B 9F F0 81 9C E1
17:12:38.550 R 1DEFFFCC C0 0E 3B 9F F0 06 01 FC
17:12:38.552 R 1DEFFFCC E0 0D 3B 9F F0 81 84 E6
17:12:38.653 R 1DEFFFCC 00 09 3B 9F F0 81 AE 02
17:12:38.757 R 1DEFFFCC 20 07 3B 9F F0 81 90 10
17:12:36.268 R 1DEFFFCC 40 08 3B 9F F0 81 9C E1
17:12:39.593 R 1DEFFFCC 60 0E 3B 9F F0 06 01 FC
17:12:39.596 R 1DEFFFCC 80 0D 3B 9F F0 81 84 E6
17:12:39.695 R 1DEFFFCC C0 09 3B 9F F0 81 AE 02
17:12:37.245 R 1DEFFFCC E0 08 3B 9F F0 81 9C E1
17:12:40.745 R 1DEFFFCC 00 0E 3B 9F F0 06 01 FC
17:12:40.748 R 1DEFFFCC 20 0D 3B 9F F0 81 84 E6
17:12:40.847 R 1DEFFFCC 40 09 3B 9F F0 81 AE 02
17:12:38.201 R 1DEFFFCC 60 08 3B 9F F0 81 9C E1
17:12:41.576 R 1DEFFFCC A0 0E 3B 9F F0 06 01 FC
17:12:41.579 R 1DEFFFCC C0 0D 3B 9F F0 81 84 E6
17:12:41.678 R 1DEFFFCC E0 09 3B 9F F0 81 AE 02
17:12:39.251 R 1DEFFFCC 00 08 3B 9F F0 81 9C E1
17:12:42.535 R 1DEFFFCC 20 0E 3B 9F F0 06 01 FC
17:12:42.537 R 1DEFFFCC 40 0D 3B 9F F0 81 84 E6
17:12:42.636 R 1DEFFFCC 60 09 3B 9F F0 81 AE 02
17:12:40.190 R 1DEFFFCC A0 08 3B 9F F0 81 9C E1
17:12:43.741 R 1DEFFFCC C0 0E 3B 9F F0 06 01 FC
17:12:43.743 R 1DEFFFCC E0 0D 3B 9F F0 81 84 E6
17:12:43.842 R 1DEFFFCC 00 09 3B 9F F0 81 AE 02
17:12:41.217 R 1DEFFFCC 20 08 3B 9F F0 81 9C E1
17:12:44.526 R 1DEFFFCC 60 0E 3B 9F F0 06 01 FC
17:12:44.528 R 1DEFFFCC 80 0D 3B 9F F0 81 84 E6
17:12:44.628 R 1DEFFFCC A0 09 3B 9F F0 81 AE 02
17:12:42.231 R 1DEFFFCC C0 08 3B 9F F0 81 9C E1
17:12:45.551 R 1DEFFFCC E0 0E 3B 9F F0 06 01 FC
17:12:45.554 R 1DEFFFCC 00 0D 3B 9F F0 81 84 E6
17:12:45.653 R 1DEFFFCC 20 09 3B 9F F0 81 AE 02
17:12:43.253 R 1DEFFFCC 60 08 3B 9F F0 81 9C E1
17:12:46.430 R 1DEFFFCC 80 0D 3B 9F F0 81 84 E6
17:12:46.513 R 1DEFFFCC A0 0E 3B 9F F0 06 01 FC
17:12:46.515 R 1DEFFFCC C0 0D 3B 9F F0 81 84 E6
17:12:46.614 R 1DEFFFCC E0 09 3B 9F F0 81 AE 02
17:12:44.240 R 1DEFFFCC 00 08 3B 9F F0 81 9C E1
17:12:47.721 R 1DEFFFCC 20 0E 3B 9F F0 06 01 FC
17:12:47.723 R 1DEFFFCC 40 0D 3B 9F F0 81 84 E6
17:12:47.822 R 1DEFFFCC 80 09 3B 9F F0 81 AE 02
17:12:45.214 R 1DEFFFCC A0 08 3B 9F F0 81 9C E1
17:12:48.506 R 1DEFFFCC C0 0D 3B 9F F0 81 84 E6
17:12:48.507 R 1DEFFFCC E0 0E 3B 9F F0 06 01 FC
17:12:48.607 R 1DEFFFCC 00 09 3B 9F F0 81 AE 02
17:12:48.706 R 1DEFFFCC 20 07 3B 9F F0 81 90 10
17:12:46.229 R 1DEFFFCC 40 08 3B 9F F0 81 9C E1
17:12:49.343 R 1DEFFFCC 80 0D 3B 9F F0 81 A4 56
17:12:49.546 R 1DEFFFCC A0 0E 3B 9F F0 06 01 FC
17:12:49.551 R 1DEFFFCC C0 0D 3B 9F F0 81 84 E6
17:12:49.575 R 1DEFFFCC E0 0D 3B 9F F0 81 84 E6
17:12:49.646 R 1DEFFFCC 00 09 3B 9F F0 81 AE 02
17:12:47.223 R 1DEFFFCC 20 08 3B 9F F0 81 9C E1
17:12:50.520 R 1DEFFFCC 40 0D 3B 9F F0 81 84 E6
17:12:50.708 R 1DEFFFCC 60 0E 3B 9F F0 06 01 FC
17:12:50.713 R 1DEFFFCC 80 0D 3B 9F F0 81 84 E6
17:12:50.809 R 1DEFFFCC A0 09 3B 9F F0 81 AE 02
17:12:48.209 R 1DEFFFCC E0 08 3B 9F F0 81 9C E1
17:12:51.536 R 1DEFFFCC 00 0E 3B 9F F0 06 01 FC
17:12:51.542 R 1DEFFFCC 20 0D 3B 9F F0 81 84 E6
17:12:51.571 R 1DEFFFCC 40 0D 3B 9F F0 81 84 E6
17:12:51.635 R 1DEFFFCC 60 09 3B 9F F0 81 AE 02
17:12:49.027 R 1DEFFFCC 80 0D 3B 9F F0 81 84 E6
17:12:49.201 R 1DEFFFCC A0 08 3B 9F F0 81 9C E1
17:12:52.483 R 1DEFFFCC E0 0E 3B 9F F0 06 01 FC
17:12:52.486 R 1DEFFFCC 00 0D 3B 9F F0 81 84 E6
17:12:52.584 R 1DEFFFCC 20 09 3B 9F F0 81 AE 02
17:12:50.173 R 1DEFFFCC 40 08 3B 9F F0 81 9C A1
17:12:53.678 R 1DEFFFCC 60 0E 3B 9F F0 06 01 FC
17:12:53.680 R 1DEFFFCC 80 0D 3B 9F F0 81 84 A6
17:12:53.779 R 1DEFFFCC A0 09 3B 9F F0 81 AE 02
17:12:51.156 R 1DEFFFCC E0 08 3B 9F F0 81 9C A1
17:12:54.268 R 1DEFFFCC 00 0D 3B 9F F0 81 84 A6
17:12:54.547 R 1DEFFFCC 20 0D 3B 9F F0 81 84 A6
17:12:54.672 R 1DEFFFCC 40 0E 3B 9F F0 06 01 FC
17:12:54.675 R 1DEFFFCC 60 0D 3B 9F F0 81 84 A6
17:12:54.774 R 1DEFFFCC 80 09 3B 9F F0 81 AE 02
17:12:54.850 R 1DEFFFCC A0 0D 3B 9F F0 81 84 A6
17:12:52.174 R 1DEFFFCC C0 08 3B 9F F0 81 9C A1
17:12:55.409 R 1DEFFFCC E0 0D 3B 9F F0 81 84 A6
17:12:55.503 R 1DEFFFCC 00 0E 3B 9F F0 06 01 FC
17:12:55.505 R 1DEFFFCC 20 0D 3B 9F F0 81 84 E6
17:12:55.607 R 1DEFFFCC 60 09 3B 9F F0 81 AE 02
17:12:53.143 R 1DEFFFCC 80 08 3B 9F F0 81 9C E1
17:12:56.337 R 1DEFFFCC A0 0D 3B 9F F0 81 84 E6
17:12:56.666 R 1DEFFFCC C0 0E 3B 9F F0 06 01 FC
17:12:56.668 R 1DEFFFCC E0 0D 3B 9F F0 81 84 A6
17:12:56.767 R 1DEFFFCC 00 09 3B 9F F0 81 AE 02
17:12:56.930 R 1DEFFFCC 20 0D 3B 9F F0 81 84 A6
17:12:54.163 R 1DEFFFCC 40 08 3B 9F F0 81 9C A1
17:12:57.660 R 1DEFFFCC 80 0E 3B 9F F0 06 01 FC
17:12:57.662 R 1DEFFFCC A0 0D 3B 9F F0 81 84 A6
17:12:57.761 R 1DEFFFCC C0 09 3B 9F F0 81 AE 02
17:12:55.255 R 1DEFFFCC E0 08 3B 9F F0 81 9C A1
17:12:58.446 R 1DEFFFCC 00 0E 3B 9F F0 06 01 FC
17:12:58.450 R 1DEFFFCC 20 0D 3B 9F F0 81 84 E6
17:12:58.547 R 1DEFFFCC 40 09 3B 9F F0 81 AE 02
17:12:58.647 R 1DEFFFCC 60 07 3B 9F F0 81 90 10
17:12:56.148 R 1DEFFFCC A0 08 3B 9F F0 81 9C E1
17:12:59.478 R 1DEFFFCC C0 0E 3B 9F F0 06 01 FC
17:12:59.481 R 1DEFFFCC E0 0D 3B 9F F0 81 84 E6
17:12:59.580 R 1DEFFFCC 00 09 3B 9F F0 81 AE 02
17:12:58.228 R 1DEFFFCC C0 08 3B 9F F0 81 9C E1
17:13:01.461 R 1DEFFFCC E0 0E 3B 9F F0 06 01 FC
17:13:01.463 R 1DEFFFCC 00 0D 3B 9F F0 81 84 E6
17:13:01.570 R 1DEFFFCC 20 09 3B 9F F0 81 AE 02
17:12:59.101 R 1DEFFFCC 60 08 3B 9F F0 81 9C E1
17:13:02.425 R 1DEFFFCC 80 0E 3B 9F F0 06 01 FC
17:13:02.427 R 1DEFFFCC A0 0D 3B 9F F0 81 84 E6
17:13:02.531 R 1DEFFFCC C0 09 3B 9F F0 81 AE 02
17:13:00.120 R 1DEFFFCC E0 08 3B 9F F0 81 9C E1
17:13:03.629 R 1DEFFFCC 00 0E 3B 9F F0 06 01 FC
17:13:03.631 R 1DEFFFCC 20 0D 3B 9F F0 81 84 E6
17:13:03.737 R 1DEFFFCC 60 09 3B 9F F0 81 AE 02
17:13:01.116 R 1DEFFFCC 80 08 3B 9F F0 81 9C A1
17:13:04.624 R 1DEFFFCC A0 0E 3B 9F F0 06 01 FC
17:13:04.627 R 1DEFFFCC C0 0D 3B 9F F0 81 84 A6
17:13:04.730 R 1DEFFFCC E0 09 3B 9F F0 81 AE 02
17:13:02.308 R 1DEFFFCC 00 08 3B 9F F0 81 9C A1
17:13:05.450 R 1DEFFFCC 40 0D 3B 9F F0 81 84 E6
17:13:05.453 R 1DEFFFCC 60 0E 3B 9F F0 06 01 FC
17:13:05.551 R 1DEFFFCC 80 09 3B 9F F0 81 AE 02
17:13:03.205 R 1DEFFFCC A0 08 3B 9F F0 81 9C E1
17:13:06.619 R 1DEFFFCC C0 0E 3B 9F F0 06 01 FC
17:13:06.621 R 1DEFFFCC E0 0D 3B 9F F0 81 84 E6
17:13:06.720 R 1DEFFFCC 00 09 3B 9F F0 81 AE 02
17:13:05.092 R 1DEFFFCC C0 08 3B 9F F0 81 9C E1
17:13:08.606 R 1DEFFFCC 00 0E 3B 9F F0 06 01 FC
17:13:08.608 R 1DEFFFCC 20 0D 3B 9F F0 81 84 E6
17:13:08.707 R 1DEFFFCC 40 09 3B 9F F0 81 AE 02
17:13:08.806 R 1DEFFFCC 60 07 3B 9F F0 81 90 10
17:13:06.086 R 1DEFFFCC 80 08 3B 9F F0 81 9C A1
17:13:09.600 R 1DEFFFCC A0 0E 3B 9F F0 06 01 FC
17:13:09.603 R 1DEFFFCC C0 0D 3B 9F F0 81 84 A6
17:13:09.702 R 1DEFFFCC E0 09 3B 9F F0 81 AE 02
17:13:08.263 R 1DEFFFCC C0 08 3B 9F F0 81 9C A1
17:13:11.590 R 1DEFFFCC E0 0E 3B 9F F0 06 01 FC
17:13:11.592 R 1DEFFFCC 00 0D 3B 9F F0 81 84 E6
17:13:11.694 R 1DEFFFCC 40 09 3B 9F F0 81 AE 02
17:13:09.052 R 1DEFFFCC 60 08 3B 9F F0 81 9C E1
17:13:12.366 R 1DEFFFCC 80 0E 3B 9F F0 06 01 FC
17:13:12.368 R 1DEFFFCC A0 0D 3B 9F F0 81 84 E6
17:13:12.467 R 1DEFFFCC C0 09 3B 9F F0 81 AE 02
17:13:10.293 R 1DEFFFCC E0 08 3B 9F F0 81 9C E1
17:13:13.584 R 1DEFFFCC 20 0E 3B 9F F0 06 01 FC
17:13:13.586 R 1DEFFFCC 40 0D 3B 9F F0 81 84 E6
17:13:13.685 R 1DEFFFCC 60 09 3B 9F F0 81 AE 02
17:13:11.236 R 1DEFFFCC 80 08 3B 9F F0 81 9C E1
17:13:14.578 R 1DEFFFCC A0 0E 3B 9F F0 06 01 FC
17:13:14.579 R 1DEFFFCC C0 0D 3B 9F F0 81 84 E6
17:13:14.679 R 1DEFFFCC E0 09 3B 9F F0 81 AE 02
17:13:12.277 R 1DEFFFCC 20 08 3B 9F F0 81 9C E1
17:13:13.219 R 1DEFFFCC A0 08 3B 9F F0 81 9C A1
17:13:16.568 R 1DEFFFCC E0 0E 3B 9F F0 06 01 FC
17:13:16.570 R 1DEFFFCC 00 0D 3B 9F F0 81 84 A6
17:13:16.669 R 1DEFFFCC 20 09 3B 9F F0 81 AE 02
17:13:17.567 R 1DEFFFCC 60 0D 3B 9F F0 81 84 A6
17:13:17.571 R 1DEFFFCC 80 0E 3B 9F F0 06 01 FC
17:13:17.666 R 1DEFFFCC A0 09 3B 9F F0 81 AE 02
17:13:15.257 R 1DEFFFCC E0 08 3B 9F F0 81 9C A1
17:13:18.563 R 1DEFFFCC 00 0E 3B 9F F0 06 01 FC
17:13:18.570 R 1DEFFFCC 20 0D 3B 9F F0 81 84 E6
17:13:18.665 R 1DEFFFCC 40 09 3B 9F F0 81 AE 02
17:13:18.761 R 1DEFFFCC 60 07 3B 9F F0 81 90 10
17:13:19.062 R 1DEFFFCC 80 08 3B 9F F0 81 9C E1
17:13:19.350 R 1DEFFFCC A0 0D 3B 9F F0 81 A4 56
17:13:19.551 R 1DEFFFCC C0 0E 3B 9F F0 06 01 FC
17:13:19.553 R 1DEFFFCC E0 0D 3B 9F F0 81 84 E6
17:13:19.653 R 1DEFFFCC 20 09 3B 9F F0 81 AE 02
17:13:20.057 R 1DEFFFCC 40 08 3B 9F F0 81 9C E1
17:13:20.531 R 1DEFFFCC 60 0D 3B 9F F0 81 84 A6
17:13:20.531 R 1DEFFFCC 80 0E 3B 9F F0 06 01 FC
17:13:20.626 R 1DEFFFCC A0 09 3B 9F F0 81 AE 02
17:13:21.026 R 1DEFFFCC C0 08 3B 9F F0 81 9C E1
17:13:21.541 R 1DEFFFCC 00 0E 3B 9F F0 06 01 FC
17:13:21.543 R 1DEFFFCC 20 0D 3B 9F F0 81 84 E6
17:13:21.642 R 1DEFFFCC 40 09 3B 9F F0 81 AE 02
17:13:22.043 R 1DEFFFCC 60 08 3B 9F F0 81 9C E1
17:13:22.536 R 1DEFFFCC 80 0E 3B 9F F0 06 01 FC
17:13:22.538 R 1DEFFFCC A0 0D 3B 9F F0 81 84 E6
17:13:22.636 R 1DEFFFCC C0 09 3B 9F F0 81 AE 02
17:13:23.632 R 1DEFFFCC 80 09 3B 9F F0 81 AE 02
17:13:24.033 R 1DEFFFCC A0 08 3B 9F F0 81 9C E1
17:13:24.529 R 1DEFFFCC C0 0E 3B 9F F0 06 01 FC
17:13:24.530 R 1DEFFFCC E0 0D 3B 9F F0 81 84 E6
17:13:24.630 R 1DEFFFCC 00 09 3B 9F F0 81 AE 02
17:13:25.030 R 1DEFFFCC 20 08 3B 9F F0 81 9C E1
17:13:25.523 R 1DEFFFCC 40 0E 3B 9F F0 06 01 FC
17:13:25.525 R 1DEFFFCC 60 0D 3B 9F F0 81 84 E6
17:13:25.627 R 1DEFFFCC 80 09 3B 9F F0 81 AE 02
17:13:26.023 R 1DEFFFCC A0 08 3B 9F F0 81 9C E1
17:13:26.522 R 1DEFFFCC C0 0E 3B 9F F0 06 01 FC
17:13:26.524 R 1DEFFFCC E0 0D 3B 9F F0 81 84 E6
17:13:26.623 R 1DEFFFCC 00 09 3B 9F F0 81 AE 02
17:13:27.024 R 1DEFFFCC 20 08 3B 9F F0 81 9C E1
17:13:27.516 R 1DEFFFCC 40 0E 3B 9F F0 06 01 FC
17:13:27.518 R 1DEFFFCC 60 0D 3B 9F F0 81 84 A6
17:13:27.617 R 1DEFFFCC 80 09 3B 9F F0 81 AE 02
17:13:28.016 R 1DEFFFCC A0 08 3B 9F F0 81 9C E1
17:13:28.512 R 1DEFFFCC C0 0E 3B 9F F0 06 01 FC
17:13:28.514 R 1DEFFFCC E0 0D 3B 9F F0 81 84 E6
17:13:28.613 R 1DEFFFCC 00 09 3B 9F F0 81 AE 02
17:13:28.713 R 1DEFFFCC 20 07 3B 9F F0 81 90 10
17:13:29.013 R 1DEFFFCC 40 08 3B 9F F0 81 9C A1
17:13:29.507 R 1DEFFFCC 60 0E 3B 9F F0 06 01 FC
17:13:29.509 R 1DEFFFCC 80 0D 3B 9F F0 81 84 A6
17:13:29.608 R 1DEFFFCC A0 09 3B 9F F0 81 AE 02
17:13:30.007 R 1DEFFFCC C0 08 3B 9F F0 81 9C A1
17:13:30.503 R 1DEFFFCC E0 0E 3B 9F F0 06 01 FC
17:13:30.505 R 1DEFFFCC 00 0D 3B 9F F0 81 84 A6
17:13:30.604 R 1DEFFFCC 20 09 3B 9F F0 81 AE 02
17:13:31.004 R 1DEFFFCC 40 08 3B 9F F0 81 9C A1
17:13:31.493 R 1DEFFFCC 60 0D 3B 9F F0 81 84 A6
17:13:31.495 R 1DEFFFCC 80 0E 3B 9F F0 06 01 FC
17:13:31.596 R 1DEFFFCC A0 09 3B 9F F0 81 AE 02
17:13:31.996 R 1DEFFFCC C0 08 3B 9F F0 81 9C A1
17:13:32.749 R 1DEFFFCC E0 0E 3B 9F F0 06 01 FC
17:13:32.757 R 1DEFFFCC 00 0D 3B 9F F0 81 84 A6
17:13:32.849 R 1DEFFFCC 20 09 3B 9F F0 81 AE 02
17:13:33.250 R 1DEFFFCC 40 08 3B 9F F0 81 9C A1
17:13:33.484 R 1DEFFFCC 60 0E 3B 9F F0 06 01 FC
17:13:33.485 R 1DEFFFCC 80 0D 3B 9F F0 81 84 E6
17:13:33.585 R 1DEFFFCC A0 09 3B 9F F0 81 AE 02
17:13:33.985 R 1DEFFFCC C0 08 3B 9F F0 81 9C E1
17:13:34.479 R 1DEFFFCC E0 0D 3B 9F F0 81 84 E6
17:13:34.483 R 1DEFFFCC 00 0E 3B 9F F0 06 01 FC
17:13:34.580 R 1DEFFFCC 20 09 3B 9F F0 81 AE 02
17:13:34.982 R 1DEFFFCC 40 08 3B 9F F0 81 9C E1
17:13:35.472 R 1DEFFFCC 60 0E 3B 9F F0 06 01 FC
17:13:35.474 R 1DEFFFCC 80 0D 3B 9F F0 81 84 E6
17:13:35.573 R 1DEFFFCC A0 09 3B 9F F0 81 AE 02
17:13:35.979 R 1DEFFFCC C0 08 3B 9F F0 81 9C E1
17:13:36.728 R 1DEFFFCC E0 0E 3B 9F F0 06 01 FC
17:13:36.730 R 1DEFFFCC 00 0D 3B 9F F0 81 84 E6
17:13:36.829 R 1DEFFFCC 20 09 3B 9F F0 81 AE 02
17:13:37.232 R 1DEFFFCC 40 08 3B 9F F0 81 9C E1
17:13:38.451 R 1DEFFFCC E0 0E 3B 9F F0 06 01 FC
17:13:38.452 R 1DEFFFCC 00 0D 3B 9F F0 81 84 E6
17:13:38.551 R 1DEFFFCC 20 09 3B 9F F0 81 AE 02
17:13:38.651 R 1DEFFFCC 40 07 3B 9F F0 81 90 10
17:13:38.951 R 1DEFFFCC 60 08 3B 9F F0 81 9C E1
17:13:36.450 R 1DEFFFCC 80 0E 3B 9F F0 06 01 FC
17:13:36.452 R 1DEFFFCC A0 0D 3B 9F F0 81 84 E6
17:13:36.551 R 1DEFFFCC C0 09 3B 9F F0 81 AE 02
17:13:36.951 R 1DEFFFCC E0 08 3B 9F F0 81 9C E1
17:13:37.703 R 1DEFFFCC 00 0E 3B 9F F0 06 01 FC
17:13:37.705 R 1DEFFFCC 20 0D 3B 9F F0 81 84 E6
17:13:37.804 R 1DEFFFCC 40 09 3B 9F F0 81 AE 02
17:13:38.205 R 1DEFFFCC 60 08 3B 9F F0 81 9C E1
17:13:38.438 R 1DEFFFCC 80 0E 3B 9F F0 06 01 FC
17:13:38.440 R 1DEFFFCC A0 0D 3B 9F F0 81 84 E6
17:13:38.539 R 1DEFFFCC C0 09 3B 9F F0 81 AE 02
17:13:38.940 R 1DEFFFCC E0 08 3B 9F F0 81 9C E1
17:13:39.433 R 1DEFFFCC 00 0E 3B 9F F0 06 01 FC
17:13:39.435 R 1DEFFFCC 20 0D 3B 9F F0 81 84 E6
17:13:39.535 R 1DEFFFCC 40 09 3B 9F F0 81 AE 02
17:13:39.935 R 1DEFFFCC 60 08 3B 9F F0 81 9C A1
17:13:40.694 R 1DEFFFCC 80 0E 3B 9F F0 06 01 FC
17:13:40.695 R 1DEFFFCC A0 0D 3B 9F F0 81 84 E6
17:13:40.795 R 1DEFFFCC C0 09 3B 9F F0 81 AE 02
17:13:41.195 R 1DEFFFCC E0 08 3B 9F F0 81 9C E1
17:13:41.426 R 1DEFFFCC 00 0E 3B 9F F0 06 01 FC
17:13:41.428 R 1DEFFFCC 20 0D 3B 9F F0 81 84 A6
17:13:41.527 R 1DEFFFCC 40 09 3B 9F F0 81 AE 02
17:13:41.927 R 1DEFFFCC 60 08 3B 9F F0 81 9C A1
17:13:42.423 R 1DEFFFCC 80 0E 3B 9F F0 06 01 FC
17:13:42.425 R 1DEFFFCC A0 0D 3B 9F F0 81 84 A6
17:13:42.524 R 1DEFFFCC C0 09 3B 9F F0 81 AE 02
17:13:42.925 R 1DEFFFCC 00 08 3B 9F F0 81 9C E1
17:13:43.675 R 1DEFFFCC 20 0E 3B 9F F0 06 01 FC
17:13:43.677 R 1DEFFFCC 40 0D 3B 9F F0 81 84 E6
17:13:43.777 R 1DEFFFCC 60 09 3B 9F F0 81 AE 02
17:13:44.178 R 1DEFFFCC 80 08 3B 9F F0 81 9C E1
17:13:44.411 R 1DEFFFCC A0 0E 3B 9F F0 06 01 FC
17:13:44.412 R 1DEFFFCC C0 0D 3B 9F F0 81 84 E6
17:13:44.511 R 1DEFFFCC E0 09 3B 9F F0 81 AE 02
17:13:44.913 R 1DEFFFCC 00 08 3B 9F F0 81 9C E1
17:13:45.410 R 1DEFFFCC 20 0E 3B 9F F0 06 01 FC
17:13:45.412 R 1DEFFFCC 40 0D 3B 9F F0 81 84 E6
17:13:45.511 R 1DEFFFCC 60 09 3B 9F F0 81 AE 02
17:13:45.610 R 1DEFFFCC 80 07 3B 9F F0 81 90 10
17:13:45.909 R 1DEFFFCC A0 08 3B 9F F0 81 9C E1
17:13:46.299 R 1DEFFFCC C0 0D 3B 9F F0 81 A4 56
17:13:46.656 R 1DEFFFCC E0 0E 3B 9F F0 06 01 FC
17:13:46.658 R 1DEFFFCC 00 0D 3B 9F F0 81 84 E6
17:13:46.757 R 1DEFFFCC 20 09 3B 9F F0 81 AE 02
17:13:47.653 R 1DEFFFCC 60 0E 3B 9F F0 06 01 FC
17:13:47.655 R 1DEFFFCC 80 0D 3B 9F F0 81 84 E6
17:13:47.754 R 1DEFFFCC A0 09 3B 9F F0 81 AE 02
17:13:48.155 R 1DEFFFCC C0 08 3B 9F F0 81 9C E1
17:13:48.391 R 1DEFFFCC E0 0E 3B 9F F0 06 01 FC
17:13:48.393 R 1DEFFFCC 00 0D 3B 9F F0 81 84 E6
17:13:48.492 R 1DEFFFCC 20 09 3B 9F F0 81 AE 02
17:13:48.893 R 1DEFFFCC 40 08 3B 9F F0 81 9C E1
17:13:49.382 R 1DEFFFCC 60 0E 3B 9F F0 06 01 FC
17:13:49.383 R 1DEFFFCC 80 0D 3B 9F F0 81 84 E6
17:13:49.483 R 1DEFFFCC A0 09 3B 9F F0 81 AE 02
17:13:49.883 R 1DEFFFCC C0 08 3B 9F F0 81 9C E1
17:13:50.643 R 1DEFFFCC E0 0E 3B 9F F0 06 01 FC
17:13:50.645 R 1DEFFFCC 00 0D 3B 9F F0 81 84 E6
17:13:50.744 R 1DEFFFCC 20 09 3B 9F F0 81 AE 02
17:13:51.144 R 1DEFFFCC 40 08 3B 9F F0 81 9C E1
17:13:51.368 R 1DEFFFCC 60 0E 3B 9F F0 06 01 FC
17:13:51.370 R 1DEFFFCC 80 0D 3B 9F F0 81 84 E6
17:13:51.469 R 1DEFFFCC A0 09 3B 9F F0 81 AE 02
17:13:51.870 R 1DEFFFCC C0 08 3B 9F F0 81 9C E1
17:13:52.621 R 1DEFFFCC E0 0E 3B 9F F0 06 01 FC
17:13:52.623 R 1DEFFFCC 00 0D 3B 9F F0 81 84 E6
17:13:52.722 R 1DEFFFCC 20 09 3B 9F F0 81 AE 02
17:13:53.123 R 1DEFFFCC 40 08 3B 9F F0 81 9C E1
17:13:53.619 R 1DEFFFCC 60 0E 3B 9F F0 06 01 FC
17:13:53.621 R 1DEFFFCC 80 0D 3B 9F F0 81 84 E6
17:13:53.722 R 1DEFFFCC A0 09 3B 9F F0 81 AE 02
17:13:54.123 R 1DEFFFCC C0 08 3B 9F F0 81 9C E1
17:13:54.351 R 1DEFFFCC E0 0E 3B 9F F0 06 01 FC
17:13:54.353 R 1DEFFFCC 00 0D 3B 9F F0 81 84 E6
17:13:54.451 R 1DEFFFCC 20 09 3B 9F F0 81 AE 02
17:13:54.852 R 1DEFFFCC 40 08 3B 9F F0 81 9C E1
17:13:55.345 R 1DEFFFCC 60 0E 3B 9F F0 06 01 FC
17:13:55.347 R 1DEFFFCC 80 0D 3B 9F F0 81 84 E6
17:13:55.446 R 1DEFFFCC A0 09 3B 9F F0 81 AE 02
17:13:55.545 R 1DEFFFCC C0 07 3B 9F F0 81 90 10
17:13:55.848 R 1DEFFFCC E0 08 3B 9F F0 81 9C E1
17:13:56.596 R 1DEFFFCC 00 0E 3B 9F F0 06 01 FC
17:13:56.598 R 1DEFFFCC 20 0D 3B 9F F0 81 84 E6
17:13:56.697 R 1DEFFFCC 40 09 3B 9F F0 81 AE 02
17:13:57.099 R 1DEFFFCC 80 08 3B 9F F0 81 9C E1
17:13:57.612 R 1DEFFFCC A0 0E 3B 9F F0 06 01 FC
17:13:57.614 R 1DEFFFCC C0 0D 3B 9F F0 81 84 E6
17:13:57.713 R 1DEFFFCC E0 09 3B 9F F0 81 AE 02
17:13:58.116 R 1DEFFFCC 00 08 3B 9F F0 81 9C E1
17:13:58.332 R 1DEFFFCC 20 0D 3B 9F F0 81 84 E6
17:13:58.335 R 1DEFFFCC 40 0E 3B 9F F0 06 01 FC
17:13:58.432 R 1DEFFFCC 60 09 3B 9F F0 81 AE 02
17:13:58.834 R 1DEFFFCC 80 08 3B 9F F0 81 9C E1
17:13:59.587 R 1DEFFFCC A0 0E 3B 9F F0 06 01 FC
17:13:59.590 R 1DEFFFCC C0 0D 3B 9F F0 81 84 E6
17:13:59.688 R 1DEFFFCC E0 09 3B 9F F0 81 AE 02
17:14:00.088 R 1DEFFFCC 00 08 3B 9F F0 81 9C E1
17:14:00.587 R 1DEFFFCC 20 0E 3B 9F F0 06 01 FC
17:14:00.589 R 1DEFFFCC 40 0D 3B 9F F0 81 84 E6
17:14:00.688 R 1DEFFFCC 60 09 3B 9F F0 81 AE 02
17:14:01.566 R 1DEFFFCC C0 0E 3B 9F F0 06 01 FC
17:14:01.568 R 1DEFFFCC E0 0D 3B 9F F0 81 84 E6
17:14:01.667 R 1DEFFFCC 00 09 3B 9F F0 81 AE 02
17:14:02.068 R 1DEFFFCC 20 08 3B 9F F0 81 9C E1
17:14:02.315 R 1DEFFFCC 40 0E 3B 9F F0 06 01 FC
17:14:02.317 R 1DEFFFCC 60 0D 3B 9F F0 81 84 E6
17:14:02.414 R 1DEFFFCC 80 09 3B 9F F0 81 AE 02
17:14:02.815 R 1DEFFFCC A0 08 3B 9F F0 81 9C E1
17:14:03.571 R 1DEFFFCC E0 0E 3B 9F F0 06 01 FC
17:14:03.572 R 1DEFFFCC 00 0D 3B 9F F0 81 84 E6
17:14:03.672 R 1DEFFFCC 20 09 3B 9F F0 81 AE 02
17:14:04.072 R 1DEFFFCC 40 08 3B 9F F0 81 9C E1
17:14:04.556 R 1DEFFFCC 60 0E 3B 9F F0 06 01 FC
17:14:04.557 R 1DEFFFCC 80 0D 3B 9F F0 81 84 E6
17:14:04.657 R 1DEFFFCC A0 09 3B 9F F0 81 AE 02
17:14:05.057 R 1DEFFFCC E0 08 3B 9F F0 81 9C E1
17:14:05.550 R 1DEFFFCC 00 0E 3B 9F F0 06 01 FC
17:14:05.552 R 1DEFFFCC 20 0D 3B 9F F0 81 84 E6
17:14:05.651 R 1DEFFFCC 40 09 3B 9F F0 81 AE 02
17:14:05.751 R 1DEFFFCC 80 07 3B 9F F0 81 90 10
17:14:06.052 R 1DEFFFCC A0 08 3B 9F F0 81 9C E1
17:14:06.552 R 1DEFFFCC C0 0E 3B 9F F0 06 01 FC
17:14:06.554 R 1DEFFFCC E0 0D 3B 9F F0 81 84 E6
17:14:06.653 R 1DEFFFCC 20 09 3B 9F F0 81 AE 02
17:14:07.054 R 1DEFFFCC 40 08 3B 9F F0 81 9C E1
17:14:08.054 R 1DEFFFCC C0 08 3B 9F F0 81 9C E1
17:14:08.538 R 1DEFFFCC 00 0E 3B 9F F0 06 01 FC
17:14:08.539 R 1DEFFFCC 20 0D 3B 9F F0 81 84 E6
17:14:08.639 R 1DEFFFCC 40 09 3B 9F F0 81 AE 02
17:14:09.039 R 1DEFFFCC 60 08 3B 9F F0 81 9C E1
17:14:09.282 R 1DEFFFCC 80 0E 3B 9F F0 06 01 FC
17:14:09.283 R 1DEFFFCC A0 0D 3B 9F F0 81 84 E6
17:14:09.382 R 1DEFFFCC C0 09 3B 9F F0 81 AE 02
17:14:09.782 R 1DEFFFCC 00 08 3B 9F F0 81 9C E1
17:14:10.537 R 1DEFFFCC 20 0E 3B 9F F0 06 01 FC
17:14:10.539 R 1DEFFFCC 40 0D 3B 9F F0 81 84 E6
17:14:10.638 R 1DEFFFCC 60 09 3B 9F F0 81 AE 02
17:14:11.039 R 1DEFFFCC A0 08 3B 9F F0 81 9C E1
17:14:11.546 R 1DEFFFCC 00 0D 3B 9F F0 81 84 E6
17:14:11.547 R 1DEFFFCC E0 0E 3B 9F F0 06 01 FC
17:14:11.646 R 1DEFFFCC 20 09 3B 9F F0 81 AE 02
17:14:12.047 R 1DEFFFCC 40 08 3B 9F F0 81 9C E1
17:14:12.525 R 1DEFFFCC 60 0D 3B 9F F0 81 84 E6
17:14:12.529 R 1DEFFFCC 80 0E 3B 9F F0 06 01 FC
17:14:12.622 R 1DEFFFCC A0 09 3B 9F F0 81 AE 02
17:14:13.023 R 1DEFFFCC E0 08 3B 9F F0 81 9C E1
17:14:13.526 R 1DEFFFCC 00 0D 3B 9F F0 81 84 E6
17:14:13.534 R 1DEFFFCC 20 0E 3B 9F F0 06 01 FC
17:14:13.621 R 1DEFFFCC 40 09 3B 9F F0 81 AE 02
17:14:14.021 R 1DEFFFCC 80 08 3B 9F F0 81 9C E1
17:14:14.532 R 1DEFFFCC A0 0D 3B 9F F0 81 84 E6
17:14:14.534 R 1DEFFFCC C0 0E 3B 9F F0 06 01 FC
17:14:14.630 R 1DEFFFCC E0 09 3B 9F F0 81 AE 02
17:14:15.033 R 1DEFFFCC 00 08 3B 9F F0 81 9C E1
17:14:15.517 R 1DEFFFCC 20 0D 3B 9F F0 81 84 E6
17:14:15.520 R 1DEFFFCC 40 0E 3B 9F F0 06 01 FC
17:14:15.616 R 1DEFFFCC 60 09 3B 9F F0 81 AE 02
17:14:15.717 R 1DEFFFCC 80 07 3B 9F F0 81 90 10
17:14:16.017 R 1DEFFFCC A0 08 3B 9F F0 81 9C E1
17:14:16.316 R 1DEFFFCC E0 0D 3B 9F F0 81 A4 56
17:14:16.601 R 1DEFFFCC 00 0E 3B 9F F0 06 01 FC
17:14:16.510 R 1DEFFFCC 20 0D 3B 9F F0 81 84 E6
17:14:16.607 R 1DEFFFCC 40 09 3B 9F F0 81 AE 02
17:14:17.008 R 1DEFFFCC 60 08 3B 9F F0 81 9C E1
17:14:17.625 R 1DEFFFCC 80 0E 3B 9F F0 06 01 FC
17:14:17.627 R 1DEFFFCC A0 0D 3B 9F F0 81 84 E6
17:14:17.607 R 1DEFFFCC C0 09 3B 9F F0 81 AE 02
17:14:18.008 R 1DEFFFCC 00 08 3B 9F F0 81 9C E1
17:14:18.726 R 1DEFFFCC 20 0E 3B 9F F0 06 01 FC
17:14:18.727 R 1DEFFFCC 40 0D 3B 9F F0 81 84 E6
17:14:18.606 R 1DEFFFCC 60 09 3B 9F F0 81 AE 02
17:14:19.006 R 1DEFFFCC 80 08 3B 9F F0 81 9C E1
17:14:19.576 R 1DEFFFCC A0 0E 3B 9F F0 06 01 FC
17:14:19.578 R 1DEFFFCC C0 0D 3B 9F F0 81 84 E6
17:14:19.857 R 1DEFFFCC 00 09 3B 9F F0 81 AE 02
17:14:20.257 R 1DEFFFCC 20 08 3B 9F F0 81 9C E1
17:14:20.613 R 1DEFFFCC 40 0E 3B 9F F0 06 01 FC
17:14:20.615 R 1DEFFFCC 60 0D 3B 9F F0 81 84 E6
17:14:20.598 R 1DEFFFCC 80 09 3B 9F F0 81 AE 02
17:14:20.999 R 1DEFFFCC A0 08 3B 9F F0 81 9C E1
17:14:21.807 R 1DEFFFCC E0 0E 3B 9F F0 06 01 FC
17:14:21.809 R 1DEFFFCC 00 0D 3B 9F F0 81 84 E6
17:14:21.601 R 1DEFFFCC 20 09 3B 9F F0 81 AE 02
17:14:22.002 R 1DEFFFCC 40 08 3B 9F F0 81 9C E1
17:14:22.784 R 1DEFFFCC 60 0E 3B 9F F0 06 01 FC
17:14:22.785 R 1DEFFFCC 80 0D 3B 9F F0 81 84 E6
17:14:22.584 R 1DEFFFCC A0 09 3B 9F F0 81 AE 02
17:14:22.984 R 1DEFFFCC E0 08 3B 9F F0 81 9C E1
17:14:23.601 R 1DEFFFCC 00 0E 3B 9F F0 06 01 FC
17:14:23.603 R 1DEFFFCC 20 0D 3B 9F F0 81 84 E6
17:14:24.240 R 1DEFFFCC 60 08 3B 9F F0 81 9C E1
17:14:24.645 R 1DEFFFCC A0 0E 3B 9F F0 06 01 FC
17:14:24.647 R 1DEFFFCC C0 0D 3B 9F F0 81 84 E6
17:14:24.579 R 1DEFFFCC E0 09 3B 9F F0 81 AE 02
17:14:24.977 R 1DEFFFCC 00 08 3B 9F F0 81 9C E1
17:14:25.741 R 1DEFFFCC 20 0E 3B 9F F0 06 01 FC
17:14:25.743 R 1DEFFFCC 40 0D 3B 9F F0 81 84 E6
17:14:25.584 R 1DEFFFCC 60 09 3B 9F F0 81 AE 02
17:14:25.684 R 1DEFFFCC 80 07 3B 9F F0 81 90 10
17:14:25.985 R 1DEFFFCC C0 08 3B 9F F0 81 9C E1
17:14:26.729 R 1DEFFFCC E0 0E 3B 9F F0 06 01 FC
17:14:26.730 R 1DEFFFCC 00 0D 3B 9F F0 81 84 E6
17:14:26.566 R 1DEFFFCC 20 09 3B 9F F0 81 AE 02
17:14:26.967 R 1DEFFFCC 40 08 3B 9F F0 81 9C E1
17:14:27.776 R 1DEFFFCC 60 0E 3B 9F F0 06 01 FC
17:14:27.777 R 1DEFFFCC 80 0D 3B 9F F0 81 84 E6
17:14:27.824 R 1DEFFFCC C0 09 3B 9F F0 81 AE 02
17:14:28.222 R 1DEFFFCC E0 08 3B 9F F0 81 9C E1
17:14:29.810 R 1DEFFFCC A0 0E 3B 9F F0 06 01 FC
17:14:29.812 R 1DEFFFCC C0 0D 3B 9F F0 81 84 E6
17:14:29.565 R 1DEFFFCC E0 09 3B 9F F0 81 AE 02
17:14:29.967 R 1DEFFFCC 00 08 3B 9F F0 81 9C E1
17:14:30.705 R 1DEFFFCC 20 0D 3B 9F F0 81 84 E6
17:14:30.706 R 1DEFFFCC 40 0E 3B 9F F0 06 01 FC
17:14:30.540 R 1DEFFFCC 60 09 3B 9F F0 81 AE 02
17:14:30.941 R 1DEFFFCC A0 08 3B 9F F0 81 9C E1
17:14:31.443 R 1DEFFFCC C0 0E 3B 9F F0 06 01 FC
17:14:31.445 R 1DEFFFCC E0 0D 3B 9F F0 81 84 E6
17:14:31.792 R 1DEFFFCC 00 09 3B 9F F0 81 AE 02
17:14:32.193 R 1DEFFFCC 20 08 3B 9F F0 81 9C E1
17:14:32.696 R 1DEFFFCC 60 0E 3B 9F F0 06 01 FC
17:14:32.697 R 1DEFFFCC 80 0D 3B 9F F0 81 84 E6
17:14:32.544 R 1DEFFFCC A0 09 3B 9F F0 81 AE 02
17:14:32.944 R 1DEFFFCC C0 08 3B 9F F0 81 9C E1
17:14:33.446 R 1DEFFFCC E0 0E 3B 9F F0 06 01 FC
17:14:33.448 R 1DEFFFCC 00 0D 3B 9F F0 81 84 E6
17:14:33.529 R 1DEFFFCC 20 09 3B 9F F0 81 AE 02
17:14:33.929 R 1DEFFFCC 60 08 3B 9F F0 81 9C E1
17:14:34.433 R 1DEFFFCC 80 0E 3B 9F F0 06 01 FC
17:14:34.435 R 1DEFFFCC A0 0D 3B 9F F0 81 84 E6
17:14:34.536 R 1DEFFFCC C0 09 3B 9F F0 81 AE 02
17:14:34.937 R 1DEFFFCC E0 08 3B 9F F0 81 9C E1
17:14:35.439 R 1DEFFFCC 00 0E 3B 9F F0 06 01 FC
17:14:35.441 R 1DEFFFCC 20 0D 3B 9F F0 81 84 E6
17:14:35.790 R 1DEFFFCC 60 09 3B 9F F0 81 AE 02
17:14:35.890 R 1DEFFFCC 80 07 3B 9F F0 81 90 10
17:14:36.191 R 1DEFFFCC A0 08 3B 9F F0 81 9C E1
17:14:36.694 R 1DEFFFCC C0 0E 3B 9F F0 06 01 FC
17:14:36.695 R 1DEFFFCC E0 0D 3B 9F F0 81 84 E6
17:14:36.519 R 1DEFFFCC 00 09 3B 9F F0 81 AE 02
17:14:36.919 R 1DEFFFCC 20 08 3B 9F F0 81 9C A1
17:14:37.422 R 1DEFFFCC 60 0E 3B 9F F0 06 01 FC
17:14:37.423 R 1DEFFFCC 80 0D 3B 9F F0 81 84 A6
17:14:37.524 R 1DEFFFCC A0 09 3B 9F F0 81 AE 02
17:14:37.924 R 1DEFFFCC C0 08 3B 9F F0 81 9C A1
17:14:38.429 R 1DEFFFCC E0 0D 3B 9F F0 81 84 A6
17:14:38.430 R 1DEFFFCC 00 0E 3B 9F F0 06 01 FC
17:14:38.785 R 1DEFFFCC 20 09 3B 9F F0 81 AE 02
17:14:39.187 R 1DEFFFCC 60 08 3B 9F F0 81 9C E1
17:14:39.691 R 1DEFFFCC 80 0E 3B 9F F0 06 01 FC
17:14:39.693 R 1DEFFFCC A0 0D 3B 9F F0 81 84 E6
17:14:39.793 R 1DEFFFCC C0 09 3B 9F F0 81 AE 02
17:14:40.194 R 1DEFFFCC E0 08 3B 9F F0 81 9C E1
17:14:40.697 R 1DEFFFCC 20 0E 3B 9F F0 06 01 FC
17:14:40.701 R 1DEFFFCC 40 0D 3B 9F F0 81 84 E6
17:14:40.502 R 1DEFFFCC 60 09 3B 9F F0 81 AE 02
17:14:40.901 R 1DEFFFCC 80 08 3B 9F F0 81 9C E1
17:14:41.403 R 1DEFFFCC A0 0E 3B 9F F0 06 01 FC
17:14:41.405 R 1DEFFFCC C0 0D 3B 9F F0 81 84 E6
17:14:41.660 R 1DEFFFCC E0 09 3B 9F F0 81 AE 02
17:14:41.907 R 1DEFFFCC 20 08 3B 9F F0 81 9C E1
17:14:42.410 R 1DEFFFCC 40 0E 3B 9F F0 06 01 FC
17:14:42.414 R 1DEFFFCC 60 0D 3B 9F F0 81 84 E6
17:14:42.751 R 1DEFFFCC 80 09 3B 9F F0 81 AE 02
17:14:43.145 R 1DEFFFCC A0 08 3B 9F F0 81 9C E1
17:14:43.648 R 1DEFFFCC C0 0E 3B 9F F0 06 01 FC
17:14:43.650 R 1DEFFFCC E0 0D 3B 9F F0 81 84 E6
17:14:43.749 R 1DEFFFCC 20 09 3B 9F F0 81 AE 02
17:14:43.899 R 1DEFFFCC 40 08 3B 9F F0 81 9C E1
17:14:44.402 R 1DEFFFCC 60 0E 3B 9F F0 06 01 FC
17:14:44.404 R 1DEFFFCC 80 0D 3B 9F F0 81 84 E6
17:14:44.503 R 1DEFFFCC A0 09 3B 9F F0 81 AE 02
17:14:44.887 R 1DEFFFCC C0 08 3B 9F F0 81 9C E1
17:14:45.389 R 1DEFFFCC 00 0E 3B 9F F0 06 01 FC
17:14:45.391 R 1DEFFFCC 20 0D 3B 9F F0 81 84 E6
17:14:45.490 R 1DEFFFCC 40 09 3B 9F F0 81 AE 02
17:14:45.928 R 1DEFFFCC 60 07 3B 9F F0 81 90 10
17:14:46.229 R 1DEFFFCC 80 08 3B 9F F0 81 9C E1
17:14:46.530 R 1DEFFFCC A0 0D 3B 9F F0 81 A4 56
17:14:46.732 R 1DEFFFCC C0 0E 3B 9F F0 06 01 FC
17:14:46.733 R 1DEFFFCC E0 0D 3B 9F F0 81 84 E6
17:14:46.832 R 1DEFFFCC 00 09 3B 9F F0 81 AE 02
17:14:47.099 R 1DEFFFCC 40 08 3B 9F F0 81 9C E1
17:14:47.602 R 1DEFFFCC 60 0E 3B 9F F0 06 01 FC
17:14:47.604 R 1DEFFFCC 80 0D 3B 9F F0 81 84 E6
17:14:47.703 R 1DEFFFCC A0 09 3B 9F F0 81 AE 02
17:14:48.163 R 1DEFFFCC C0 08 3B 9F F0 81 9C E1
17:14:48.666 R 1DEFFFCC 00 0E 3B 9F F0 06 01 FC
17:14:48.668 R 1DEFFFCC 20 0D 3B 9F F0 81 84 E6
17:14:48.767 R 1DEFFFCC 40 09 3B 9F F0 81 AE 02
17:14:49.104 R 1DEFFFCC 60 08 3B 9F F0 81 9C E1
17:14:49.606 R 1DEFFFCC 80 0E 3B 9F F0 06 01 FC
17:14:49.608 R 1DEFFFCC A0 0D 3B 9F F0 81 84 E6
17:14:49.706 R 1DEFFFCC C0 09 3B 9F F0 81 AE 02
17:14:50.154 R 1DEFFFCC 00 08 3B 9F F0 81 9C E1
17:14:50.656 R 1DEFFFCC 20 0E 3B 9F F0 06 01 FC
17:14:50.658 R 1DEFFFCC 40 0D 3B 9F F0 81 84 E6
17:14:50.757 R 1DEFFFCC 60 09 3B 9F F0 81 AE 02
17:14:51.199 R 1DEFFFCC 80 08 3B 9F F0 81 9C E1
17:14:51.701 R 1DEFFFCC A0 0E 3B 9F F0 06 01 FC
17:14:51.702 R 1DEFFFCC C0 0D 3B 9F F0 81 84 E6
17:14:51.802 R 1DEFFFCC 00 09 3B 9F F0 81 AE 02
17:14:52.294 R 1DEFFFCC 20 08 3B 9F F0 81 9C E1
17:14:52.797 R 1DEFFFCC 40 0E 3B 9F F0 06 01 FC
17:14:52.799 R 1DEFFFCC 60 0D 3B 9F F0 81 84 E6
17:14:52.898 R 1DEFFFCC 80 09 3B 9F F0 81 AE 02
17:14:53.060 R 1DEFFFCC A0 08 3B 9F F0 81 9C E1
17:14:53.563 R 1DEFFFCC E0 0E 3B 9F F0 06 01 FC
17:14:53.565 R 1DEFFFCC 00 0D 3B 9F F0 81 84 E6
17:14:53.664 R 1DEFFFCC 20 09 3B 9F F0 81 AE 02
17:14:54.072 R 1DEFFFCC 40 08 3B 9F F0 81 9C E1
